<html>
<body>
<pre>
<h1>µVision Build Log</h1>
<h2>Tool Versions:</h2>
IDE-Version: µVision V5.38.0.0
Copyright (C) 2022 ARM Ltd and ARM Germany GmbH. All rights reserved.
License Information: nidhal brahem, supcom, LIC=----
 
Tool Versions:
Toolchain:       MDK-Lite  Version: 5.38.0.0
Toolchain Path:  C:\Keil_v5\ARM\ARMCLANG\Bin
C Compiler:      ArmClang.exe V6.19
Assembler:       Armasm.exe V6.19
Linker/Locator:  ArmLink.exe V6.19
Library Manager: ArmAr.exe V6.19
Hex Converter:   FromElf.exe V6.19
CPU DLL:         SARMCM3.DLL V5.38.0.0
Dialog DLL:      DCM.DLL V1.17.5.0
Target DLL:      STLink\ST-LINKIII-KEIL_SWO.dll V3.1.0.0
Dialog DLL:      TCM.DLL V1.56.4.0
 
<h2>Project:</h2>
C:\Users\MSI\Desktop\sauvgarde\pojects\NOHAL\led blink no hal.uvprojx
Project File Date:  05/13/2023

<h2>Output:</h2>
*** Using Compiler 'V6.19', folder: 'C:\Keil_v5\ARM\ARMCLANG\Bin'
Rebuild target 'Target 1'
compiling RCC_config.c...
main.c(5): warning: In file included from...
./GPIO.h(3): warning: no newline at end of file [-Wnewline-eof]
void GPIOconfig (void);
                       ^
main.c(7): warning: In file included from...
./LCD2.h(18): warning: no newline at end of file [-Wnewline-eof]
void lcd_write(char saddr,uint8_t *buffer, uint8_t length);
                                                           ^
main.c(12): warning: In file included from...
./DHT11.h(11): warning: no newline at end of file [-Wnewline-eof]
void DHT_GetData (void);
                        ^
main.c(44): warning: mixing declarations and code is incompatible with standards before C99 [-Wdeclaration-after-statement]
        uint16_t val_ADC[2];
                 ^
main.c(44): warning: unused variable 'val_ADC' [-Wunused-variable]
main.c(45): warning: unused variable 'a' [-Wunused-variable]
        char a[20];
             ^
main.c(25): warning: no previous extern declaration for non-static variable 'var' [-Wmissing-variable-declarations]
uint16_t var;
         ^
main.c(25): note: declare 'static' if the variable is not intended to be used outside of this translation unit
uint16_t var;
^
main.c(26): warning: no previous extern declaration for non-static variable 'str' [-Wmissing-variable-declarations]
char str[40];
     ^
main.c(26): note: declare 'static' if the variable is not intended to be used outside of this translation unit
char str[40];
^
8 warnings generated.
compiling main.c...
UltraSonic.c(20): warning: implicit conversion turns floating-point number into integer: 'double' to 'uint32_t' (aka 'unsigned int') [-Wfloat-conversion]
                                distance= (falling_time-rising_time)*0.034/2; 
                                        ~ ~~~~~~~~~~~~~~~~~~~~~~~~~~~~~~~~^~
UltraSonic.c(33): warning: implicit conversion changes signedness: 'int' to 'unsigned int' [-Wsign-conversion]
        GPIOA->MODER &= ~(1<<12); //output PIN6  (write 0 in 11)
                     ~~ ^~~~~~~~
UltraSonic.c(34): warning: implicit conversion changes signedness: 'int' to 'unsigned int' [-Wsign-conversion]
        GPIOA->OTYPER &= ~(1<<6); // output push pull
                      ~~ ^~~~~~~
UltraSonic.c(36): warning: implicit conversion changes signedness: 'int' to 'unsigned int' [-Wsign-conversion]
        GPIOA->AFR[0] &= ~(1<<0);
                      ~~ ^~~~~~~
UltraSonic.c(40): warning: implicit conversion changes signedness: 'int' to 'unsigned int' [-Wsign-conversion]
        GPIOA->MODER &= ~(1<<17); //output PIN8  
                     ~~ ^~~~~~~~
UltraSonic.c(6): warning: no previous extern declaration for non-static variable 'rising_time' [-Wmissing-variable-declarations]
uint32_t rising_time, falling_time, distance;
         ^
UltraSonic.c(6): note: declare 'static' if the variable is not intended to be used outside of this translation unit
uint32_t rising_time, falling_time, distance;
^
UltraSonic.c(6): warning: no previous extern declaration for non-static variable 'falling_time' [-Wmissing-variable-declarations]
uint32_t rising_time, falling_time, distance;
                      ^
UltraSonic.c(6): note: declare 'static' if the variable is not intended to be used outside of this translation unit
uint32_t rising_time, falling_time, distance;
^
UltraSonic.c(6): warning: no previous extern declaration for non-static variable 'distance' [-Wmissing-variable-declarations]
uint32_t rising_time, falling_time, distance;
                                    ^
UltraSonic.c(6): note: declare 'static' if the variable is not intended to be used outside of this translation unit
uint32_t rising_time, falling_time, distance;
^
8 warnings generated.
compiling UltraSonic.c...
compiling timer_config.c...
GPIO.c(1): warning: In file included from...
./GPIO.h(3): warning: no newline at end of file [-Wnewline-eof]
void GPIOconfig (void);
                       ^
GPIO.c(7): warning: implicit conversion changes signedness: 'int' to 'unsigned int' [-Wsign-conversion]
        GPIOA->MODER &= ~(1<<11); //output PIN5  (write 0 in 11)
                     ~~ ^~~~~~~~
GPIO.c(8): warning: implicit conversion changes signedness: 'int' to 'unsigned int' [-Wsign-conversion]
        GPIOA->OTYPER &= ~(1<<5); // output push pull
                      ~~ ^~~~~~~
GPIO.c(10): warning: implicit conversion changes signedness: 'int' to 'unsigned int' [-Wsign-conversion]
        GPIOA->PUPDR &= ~((1<<10) | (1<<11));// PULL-UP PIN 5
                     ~~ ^~~~~~~~~~~~~~~~~~~~
GPIO.c(12): warning: no newline at end of file [-Wnewline-eof]
}
 ^
5 warnings generated.
compiling GPIO.c...
PWM.c(9): warning: implicit conversion changes signedness: 'int' to 'unsigned int' [-Wsign-conversion]
        GPIOB->MODER &= ~(1<<12); //output PIN6  (write 0 in 11)
                     ~~ ^~~~~~~~
PWM.c(10): warning: implicit conversion changes signedness: 'int' to 'unsigned int' [-Wsign-conversion]
        GPIOB->OTYPER &= ~(1<<6); // output push pull
                      ~~ ^~~~~~~
PWM.c(12): warning: implicit conversion changes signedness: 'int' to 'unsigned int' [-Wsign-conversion]
        GPIOB->AFR[0] &= ~(1<<0);
                      ~~ ^~~~~~~
PWM.c(27): warning: implicit conversion changes signedness: 'int' to 'unsigned int' [-Wsign-conversion]
        TIM4->CCMR1 &= ~(3<<0); // CC1 channel is configured as output
                    ~~ ^~~~~~~
PWM.c(55): warning: implicit conversion changes signedness: 'long' to 'uint32_t' (aka 'unsigned int') [-Wsign-conversion]
TIM4->CCR1=map (angle,0,180,1000,2000);
          ~^~~~~~~~~~~~~~~~~~~~~~~~~~~
5 warnings generated.
compiling PWM.c...
DHT11.c(1): warning: In file included from...
./DHT11.h(11): warning: no newline at end of file [-Wnewline-eof]
void DHT_GetData (void);
                        ^
DHT11.c(9): warning: implicit conversion changes signedness: 'int' to 'unsigned int' [-Wsign-conversion]
        GPIOA->MODER &= ~(1<<3); //output PIN 1
                     ~~ ^~~~~~~
DHT11.c(14): warning: implicit conversion changes signedness: 'int' to 'unsigned int' [-Wsign-conversion]
        GPIOA->MODER &= ~(1<<2);// input PIN 1
                     ~~ ^~~~~~~
DHT11.c(15): warning: implicit conversion changes signedness: 'int' to 'unsigned int' [-Wsign-conversion]
        GPIOA->MODER &= ~(1<<3); //input PIN 1
                     ~~ ^~~~~~~
DHT11.c(25): warning: implicit conversion changes signedness: 'int' to 'uint8_t' (aka 'unsigned char') [-Wsign-conversion]
                else Response = -1;
                              ~ ^~
DHT11.c(42): warning: variable 'value' is uninitialized when used here [-Wuninitialized]
                        value &= ~(1<<(7-j));   // write 0
                        ^~~~~
DHT11.c(35): note: initialize the variable 'value' to silence this warning
        uint8_t value,j;
                     ^
                      = '\0'
DHT11.c(61): warning: unused variable 'Temp' [-Wunused-variable]
        uint8_t Temp= Temp_byte1;
                ^
DHT11.c(57): warning: unused variable 'SUM' [-Wunused-variable]
        uint8_t SUM = DHT11_Read();
                ^
DHT11.c(59): warning: unused variable 'dis_buf' [-Wunused-variable]
        char dis_buf[7];
             ^
9 warnings generated.
compiling DHT11.c...
UART.c(26): warning: implicit conversion changes signedness: 'int' to 'uint32_t' (aka 'unsigned int') [-Wsign-conversion]
USART2->DR =car;
           ~^~~
UART.c(43): warning: implicit conversion loses integer precision: 'volatile uint32_t' (aka 'volatile unsigned int') to 'uint8_t' (aka 'unsigned char') [-Wimplicit-int-conversion]
        temp=USART2->DR;
            ~~~~~~~~~^~
2 warnings generated.
compiling UART.c...
I2C_config.c(17): warning: implicit conversion changes signedness: 'int' to 'unsigned int' [-Wsign-conversion]
        I2C1->CR1 &= ~(1<<15);
                  ~~ ^~~~~~~~
I2C_config.c(48): warning: mixing declarations and code is incompatible with standards before C99 [-Wdeclaration-after-statement]
        uint32_t temp = (I2C1->SR2);  // read SR1 and SR2 to clear the ADDR bit (recommended in slave mode)
                 ^
I2C_config.c(48): warning: unused variable 'temp' [-Wunused-variable]
I2C_config.c(96): warning: implicit conversion changes signedness: 'int' to 'unsigned int' [-Wsign-conversion]
                I2C1->CR1 &= ~(1<<10);  // clear the ACK bit 
                          ~~ ^~~~~~~~
I2C_config.c(104): warning: implicit conversion loses integer precision: 'volatile uint32_t' (aka 'volatile unsigned int') to 'uint8_t' (aka 'unsigned char') [-Wimplicit-int-conversion]
                buffer[size-remaining] = I2C1->DR;  // Read the data from the DATA REGISTER
                                       ~ ~~~~~~^~
I2C_config.c(97): warning: mixing declarations and code is incompatible with standards before C99 [-Wdeclaration-after-statement]
                uint32_t temp = I2C1->SR2;  // read SR1 and SR2 to clear the ADDR bit.... EV6 condition
                         ^
I2C_config.c(97): warning: unused variable 'temp' [-Wunused-variable]
I2C_config.c(116): warning: implicit conversion loses integer precision: 'unsigned int' to 'uint8_t' (aka 'unsigned char') [-Wimplicit-int-conversion]
                uint8_t temp = I2C1->SR1 | I2C1->SR2;  // read SR1 and SR2 to clear the ADDR bit
                        ~~~~   ~~~~~~~~~~^~~~~~~~~~~
I2C_config.c(124): warning: implicit conversion loses integer precision: 'volatile uint32_t' (aka 'volatile unsigned int') to 'uint8_t' (aka 'unsigned char') [-Wimplicit-int-conversion]
                        buffer[size-remaining] = I2C1->DR;  // copy the data into the buffer                    
                                               ~ ~~~~~~^~
I2C_config.c(134): warning: implicit conversion loses integer precision: 'volatile uint32_t' (aka 'volatile unsigned int') to 'uint8_t' (aka 'unsigned char') [-Wimplicit-int-conversion]
                buffer[size-remaining] = I2C1->DR;
                                       ~ ~~~~~~^~
I2C_config.c(137): warning: implicit conversion changes signedness: 'int' to 'unsigned int' [-Wsign-conversion]
                I2C1->CR1 &= ~(1<<10);  // clear the ACK bit 
                          ~~ ^~~~~~~~
I2C_config.c(146): warning: implicit conversion loses integer precision: 'volatile uint32_t' (aka 'volatile unsigned int') to 'uint8_t' (aka 'unsigned char') [-Wimplicit-int-conversion]
                buffer[size-remaining] = I2C1->DR;  // copy the data into the buffer
                                       ~ ~~~~~~^~
I2C_config.c(116): warning: mixing declarations and code is incompatible with standards before C99 [-Wdeclaration-after-statement]
                uint8_t temp = I2C1->SR1 | I2C1->SR2;  // read SR1 and SR2 to clear the ADDR bit
                        ^
I2C_config.c(116): warning: unused variable 'temp' [-Wunused-variable]
14 warnings generated.
compiling I2C_config.c...
LCD2.c(1): warning: In file included from...
./LCD2.h(18): warning: no newline at end of file [-Wnewline-eof]
void lcd_write(char saddr,uint8_t *buffer, uint8_t length);
                                                           ^
LCD2.c(19): warning: empty expression statement has no effect; remove unnecessary ';' to silence this warning [-Wextra-semi-stmt]
while (!(I2C1->SR1 & I2C_SR1_SB)){;}                                    //wait until start is generated
                                  ^
LCD2.c(21): warning: implicit conversion changes signedness: 'int' to 'uint32_t' (aka 'unsigned int') [-Wsign-conversion]
I2C1->DR = saddr<< 1;                                           // Send slave address
         ~ ~~~~~^~~~
LCD2.c(22): warning: empty expression statement has no effect; remove unnecessary ';' to silence this warning [-Wextra-semi-stmt]
while (!(I2C1->SR1 & I2C_SR1_ADDR)){;}        //wait until address flag is set
                                    ^
LCD2.c(23): warning: implicit conversion changes signedness: 'volatile uint32_t' (aka 'volatile unsigned int') to 'int' [-Wsign-conversion]
Temp = I2C1->SR2;                                                                                                               //Clear SR2
     ~ ~~~~~~^~~
LCD2.c(20): warning: mixing declarations and code is incompatible with standards before C99 [-Wdeclaration-after-statement]
volatile int Temp;                                                                                                              
             ^
LCD2.c(20): warning: variable 'Temp' set but not used [-Wunused-but-set-variable]
LCD2.c(110): warning: no newline at end of file [-Wnewline-eof]
}
 ^
8 warnings generated.
compiling LCD2.c...
ADC.c(12): warning: implicit conversion changes signedness: 'int' to 'unsigned int' [-Wsign-conversion]
        ADC1->CR1 &= ~(1<<24); // resolution (12bits)
                  ~~ ^~~~~~~~
ADC.c(16): warning: implicit conversion changes signedness: 'int' to 'unsigned int' [-Wsign-conversion]
        ADC1->CR2 &= ~(1<<11); // align right 
                  ~~ ^~~~~~~~
ADC.c(18): warning: implicit conversion changes signedness: 'int' to 'unsigned int' [-Wsign-conversion]
        ADC1->SMPR2 &= ~((1<<3) | (1<<12)); // channel 1 and 4 (sampling rate)
                    ~~ ^~~~~~~~~~~~~~~~~~~
ADC.c(43): warning: mixing declarations and code is incompatible with standards before C99 [-Wdeclaration-after-statement]
        uint32_t delay =10000;
                 ^
ADC.c(51): warning: implicit conversion changes signedness: 'int' to 'unsigned int' [-Wsign-conversion]
        ADC1->SQR3 |= (channel << 0); // reading the channel (first in SQR3[0])
                   ~~  ~~~~~~~~^~~~
ADC.c(65): warning: implicit conversion loses integer precision: 'volatile uint32_t' (aka 'volatile unsigned int') to 'uint16_t' (aka 'unsigned short') [-Wimplicit-int-conversion]
        return ADC1->DR;
        ~~~~~~ ~~~~~~^~
ADC.c(71): warning: implicit conversion changes signedness: 'int' to 'unsigned int' [-Wsign-conversion]
        ADC1->CR2 &= ~(1<<0);
                  ~~ ^~~~~~~
7 warnings generated.
compiling ADC.c...
SPI.c(6): warning: implicit conversion changes signedness: 'int' to 'unsigned int' [-Wsign-conversion]
        SPI1->CR1 &= ~(1<<0); //phase
                  ~~ ^~~~~~~
SPI.c(7): warning: implicit conversion changes signedness: 'int' to 'unsigned int' [-Wsign-conversion]
        SPI1->CR1 &= ~(1<<1); //polarity
                  ~~ ^~~~~~~
SPI.c(10): warning: implicit conversion changes signedness: 'int' to 'unsigned int' [-Wsign-conversion]
        SPI1->CR1 &=~(1<<7) ;//LSBfirst=0
                  ~~^~~~~~~
SPI.c(12): warning: implicit conversion changes signedness: 'int' to 'unsigned int' [-Wsign-conversion]
        SPI1->CR1 &=~(1<<10) ;// RXONLY ,full_duplex
                  ~~^~~~~~~~
SPI.c(13): warning: implicit conversion changes signedness: 'int' to 'unsigned int' [-Wsign-conversion]
        SPI1->CR1 &=~(1<<11) ;//8bits
                  ~~^~~~~~~~
SPI.c(30): warning: implicit conversion changes signedness: 'int' to 'unsigned int' [-Wsign-conversion]
        SPI1->CR1 &= ~(1<<6);
                  ~~ ^~~~~~~
SPI.c(55): warning: empty expression statement has no effect; remove unnecessary ';' to silence this warning [-Wextra-semi-stmt]
           while (!((SPI1->SR)&(1<<1))) {};  // wait for TXE bit to set -> This will indicate that the buffer is empty
                                          ^~
SPI.c(66): warning: empty expression statement has no effect; remove unnecessary ';' to silence this warning [-Wextra-semi-stmt]
        while (!((SPI1->SR)&(1<<1))) {};  // wait for TXE bit to set -> This will indicate that the buffer is empty
                                       ^~
SPI.c(67): warning: empty expression statement has no effect; remove unnecessary ';' to silence this warning [-Wextra-semi-stmt]
        while (((SPI1->SR)&(1<<7))) {};  // wait for BSY bit to Reset -> This will indicate that SPI is not busy in communication       
                                      ^~
SPI.c(70): warning: implicit conversion loses integer precision: 'volatile uint32_t' (aka 'volatile unsigned int') to 'uint8_t' (aka 'unsigned char') [-Wimplicit-int-conversion]
        uint8_t temp = SPI1->DR;
                ~~~~   ~~~~~~^~
SPI.c(71): warning: implicit conversion loses integer precision: 'volatile uint32_t' (aka 'volatile unsigned int') to 'uint8_t' (aka 'unsigned char') [-Wimplicit-int-conversion]
                                        temp = SPI1->SR;
                                             ~ ~~~~~~^~
SPI.c(70): warning: mixing declarations and code is incompatible with standards before C99 [-Wdeclaration-after-statement]
        uint8_t temp = SPI1->DR;
                ^
SPI.c(70): warning: variable 'temp' set but not used [-Wunused-but-set-variable]
SPI.c(86): warning: empty expression statement has no effect; remove unnecessary ';' to silence this warning [-Wextra-semi-stmt]
                while (((SPI1->SR)&(1<<7))) {};  // wait for BSY bit to Reset -> This will indicate that SPI is not busy in communication
                                              ^~
SPI.c(88): warning: empty expression statement has no effect; remove unnecessary ';' to silence this warning [-Wextra-semi-stmt]
                while (!((SPI1->SR) &(1<<0))){};  // Wait for RXNE to set -> This will indicate that the Rx buffer is not empty
                                               ^~
SPI.c(89): warning: implicit conversion loses integer precision: 'volatile uint32_t' (aka 'volatile unsigned int') to 'uint8_t' (aka 'unsigned char') [-Wimplicit-int-conversion]
          *data++ = (SPI1->DR);
                  ~  ~~~~~~^~
SPI.c(115): warning: mixing declarations and code is incompatible with standards before C99 [-Wdeclaration-after-statement]
        uint8_t rec;
                ^
SPI.c(115): warning: unused variable 'rec' [-Wunused-variable]
SPI.c(96): warning: no previous extern declaration for non-static variable 'xg' [-Wmissing-variable-declarations]
float xg, yg, zg;
      ^
SPI.c(96): note: declare 'static' if the variable is not intended to be used outside of this translation unit
float xg, yg, zg;
^
SPI.c(96): warning: no previous extern declaration for non-static variable 'yg' [-Wmissing-variable-declarations]
float xg, yg, zg;
          ^
SPI.c(96): note: declare 'static' if the variable is not intended to be used outside of this translation unit
float xg, yg, zg;
^
SPI.c(96): warning: no previous extern declaration for non-static variable 'zg' [-Wmissing-variable-declarations]
float xg, yg, zg;
              ^
SPI.c(96): note: declare 'static' if the variable is not intended to be used outside of this translation unit
float xg, yg, zg;
^
SPI.c(97): warning: no previous extern declaration for non-static variable 'x' [-Wmissing-variable-declarations]
int16_t x,y,z;
        ^
SPI.c(97): note: declare 'static' if the variable is not intended to be used outside of this translation unit
int16_t x,y,z;
^
SPI.c(97): warning: no previous extern declaration for non-static variable 'y' [-Wmissing-variable-declarations]
int16_t x,y,z;
          ^
SPI.c(97): note: declare 'static' if the variable is not intended to be used outside of this translation unit
int16_t x,y,z;
^
SPI.c(97): warning: no previous extern declaration for non-static variable 'z' [-Wmissing-variable-declarations]
int16_t x,y,z;
            ^
SPI.c(97): note: declare 'static' if the variable is not intended to be used outside of this translation unit
int16_t x,y,z;
^
SPI.c(98): warning: no previous extern declaration for non-static variable 'RxData' [-Wmissing-variable-declarations]
uint8_t RxData[6];
        ^
SPI.c(98): note: declare 'static' if the variable is not intended to be used outside of this translation unit
uint8_t RxData[6];
^
25 warnings generated.
compiling SPI.c...
ExInterrupt.c(7): warning: implicit conversion changes signedness: 'int' to 'unsigned int' [-Wsign-conversion]
        GPIOC->MODER &= ~(3<<26);
                     ~~ ^~~~~~~~
ExInterrupt.c(15): warning: implicit conversion changes signedness: 'int' to 'unsigned int' [-Wsign-conversion]
        SYSCFG->EXTICR[3] &= ~(0xf<<4);  // Bits[3:2:1:0] = (0:0:0:0)  -> configure EXTI13 line for PC13
                          ~~ ^~~~~~~~~
ExInterrupt.c(20): warning: implicit conversion changes signedness: 'int' to 'unsigned int' [-Wsign-conversion]
        EXTI->FTSR &= ~(1<<13);  // Disable Falling Edge Trigger for PA1
                   ~~ ^~~~~~~~
3 warnings generated.
compiling ExInterrupt.c...
DMA+adc.c(25): warning: implicit conversion changes signedness: 'int' to 'unsigned int' [-Wsign-conversion]
        ADC1->CR1 &= ~(1<<24);   // 12 bit RES
                  ~~ ^~~~~~~~
DMA+adc.c(30): warning: implicit conversion changes signedness: 'int' to 'unsigned int' [-Wsign-conversion]
        ADC1->CR2 &= ~(1<<11);   // Data Alignment RIGHT
                  ~~ ^~~~~~~~
DMA+adc.c(33): warning: implicit conversion changes signedness: 'int' to 'unsigned int' [-Wsign-conversion]
        ADC1->SMPR2 &= ~((7<<3) | (7<<12));  // Sampling time of 3 cycles for channel 1 and channel 4
                    ~~ ^~~~~~~~~~~~~~~~~~~
DMA+adc.c(69): warning: mixing declarations and code is incompatible with standards before C99 [-Wdeclaration-after-statement]
        uint32_t delay = 10000;
                 ^
DMA+adc.c(102): warning: implicit conversion changes signedness: 'int' to 'unsigned int' [-Wsign-conversion]
        DMA2_Stream0->CR &= ~(3<<6);  // Peripheral to memory
                         ~~ ^~~~~~~
DMA+adc.c(114): warning: implicit conversion changes signedness: 'int' to 'unsigned int' [-Wsign-conversion]
        DMA2_Stream0->CR &= ~(7<<25);  // Channel 0 selected //
                         ~~ ^~~~~~~~
DMA+adc.c(152): warning: implicit conversion changes signedness: 'int' to 'unsigned int' [-Wsign-conversion]
                ADC1->CR2 &= ~(1<<0);   // ADON =0 Disable ADC1
                          ~~ ^~~~~~~
DMA+adc.c(160): warning: implicit conversion changes signedness: 'int' to 'unsigned int' [-Wsign-conversion]
        DMA2_Stream0->CR &= ~(1<<0);
                         ~~ ^~~~~~~
8 warnings generated.
compiling DMA+adc.c...
DMA+uart.c(49): warning: implicit conversion changes signedness: 'int' to 'unsigned int' [-Wsign-conversion]
        DMA1_Stream5->CR &= ~(3<<6);  // Peripheral to memory
                         ~~ ^~~~~~~
DMA+uart.c(58): warning: implicit conversion changes signedness: 'int' to 'unsigned int' [-Wsign-conversion]
        DMA1_Stream5->CR &= ~((1<<11)|(1<<13));  // PSIZE = 00, MSIZE = 00, 8 bit data
                         ~~ ^~~~~~~~~~~~~~~~~~
DMA+uart.c(61): warning: implicit conversion changes signedness: 'int' to 'unsigned int' [-Wsign-conversion]
        DMA1_Stream5->CR &= ~(3<<25);  // Channel 4 selected //
                         ~~ ^~~~~~~~
DMA+uart.c(95): warning: no previous extern declaration for non-static variable 'indx' [-Wmissing-variable-declarations]
uint8_t indx=0;
        ^
DMA+uart.c(95): note: declare 'static' if the variable is not intended to be used outside of this translation unit
uint8_t indx=0;
^
DMA+uart.c(92): warning: no previous extern declaration for non-static variable 'RxBuf' [-Wmissing-variable-declarations]
uint8_t RxBuf[6];
        ^
DMA+uart.c(92): note: declare 'static' if the variable is not intended to be used outside of this translation unit
uint8_t RxBuf[6];
^
DMA+uart.c(93): warning: no previous extern declaration for non-static variable 'MainBuf' [-Wmissing-variable-declarations]
uint8_t MainBuf[6];
        ^
DMA+uart.c(93): note: declare 'static' if the variable is not intended to be used outside of this translation unit
uint8_t MainBuf[6];
^
6 warnings generated.
compiling DMA+uart.c...
compiling PowerMode.c...
compiling TimerInterrupt.c...
RTC.c(81): warning: implicit conversion loses integer precision: 'unsigned int' to 'uint8_t' (aka 'unsigned char') [-Wimplicit-int-conversion]
        sDate.Year=((RTC->DR >>20)*10)+((RTC->DR >> 16)& 0xf);
                  ~~~~~~~~~~~~~~~~~~~~^~~~~~~~~~~~~~~~~~~~~~~
RTC.c(21): warning: no previous extern declaration for non-static variable 'sTime' [-Wmissing-variable-declarations]
RTC_TimeTypeDef sTime;
                ^
RTC.c(21): note: declare 'static' if the variable is not intended to be used outside of this translation unit
RTC_TimeTypeDef sTime;
^
RTC.c(22): warning: no previous extern declaration for non-static variable 'sDate' [-Wmissing-variable-declarations]
RTC_DateTypeDef sDate;
                ^
RTC.c(22): note: declare 'static' if the variable is not intended to be used outside of this translation unit
RTC_DateTypeDef sDate;
^
3 warnings generated.
compiling RTC.c...
compiling WDG.c...
assembling startup_stm32f401xe.s...
compiling system_stm32f4xx.c...
linking...
Program Size: Code=3090 RO-data=454 RW-data=4 ZI-data=1664  
".\Objects\led blink no hal.axf" - 0 Error(s), 111 Warning(s).

<h2>Software Packages used:</h2>

Package Vendor: ARM
                http://www.keil.com/pack/ARM.CMSIS.5.9.0.pack
                ARM.CMSIS.5.9.0
                CMSIS (Common Microcontroller Software Interface Standard)
   * Component: CORE Version: 5.6.0

Package Vendor: Keil
                https://www.keil.com/pack/Keil.STM32F4xx_DFP.2.17.0.pack
                Keil.STM32F4xx_DFP.2.17.0
                STMicroelectronics STM32F4 Series Device Support, Drivers and Examples
   * Component: Startup Version: 2.6.3

<h2>Collection of Component include folders:</h2>
  ./RTE/_Target_1
  C:/Users/MSI/AppData/Local/Arm/Packs/ARM/CMSIS/5.9.0/CMSIS/Core/Include
  C:/Users/MSI/AppData/Local/Arm/Packs/Keil/STM32F4xx_DFP/2.17.0/Drivers/CMSIS/Device/ST/STM32F4xx/Include

<h2>Collection of Component Files used:</h2>

   * Component: ARM::CMSIS:CORE:5.6.0

   * Component: Keil::Device:Startup:2.6.3
      Source file:   MDK/Device/Source/ARM/STM32F401xx_OPT.s
      Source file:   Drivers/CMSIS/Device/ST/STM32F4xx/Source/Templates/arm/startup_stm32f401xe.s
      Include file:  Drivers/CMSIS/Device/ST/STM32F4xx/Include/stm32f4xx.h
      Source file:   MDK/Device/Source/ARM/STM32F4xx_OTP.s
      Source file:   Drivers/CMSIS/Device/ST/STM32F4xx/Source/Templates/system_stm32f4xx.c
Build Time Elapsed:  00:00:04
</pre>
</body>
</html>
