Component: Arm Compiler for Embedded 6.19 Tool: armlink [5e73cb00]

==============================================================================

Section Cross References

    main.o(.text.main) refers to rcc_config.o(.text.SysClockConfig) for SysClockConfig
    main.o(.text.main) refers to timer_config.o(.text.TIM2config) for TIM2config
    main.o(.text.main) refers to gpio.o(.text.GPIOconfig) for GPIOconfig
    main.o(.text.main) refers to uart.o(.text.UartConfig) for UartConfig
    main.o(.text.main) refers to rtc.o(.text.RTCinit) for RTCinit
    main.o(.text.main) refers to adc.o(.text.ADC_Config) for ADC_Config
    main.o(.text.main) refers to adc.o(.text.ADC_Enable) for ADC_Enable
    main.o(.text.main) refers to exinterrupt.o(.text.GPConf) for GPConf
    main.o(.text.main) refers to exinterrupt.o(.text.InterruptConf) for InterruptConf
    main.o(.text.main) refers to powermode.o(.text.GoToSleep) for GoToSleep
    main.o(.text.main) refers to wdg.o(.text.IWDG_init) for IWDG_init
    main.o(.ARM.exidx.text.main) refers to main.o(.text.main) for [Anonymous Symbol]
    rcc_config.o(.text.SysClockConfig) refers to system_stm32f4xx.o(.text.SystemCoreClockUpdate) for SystemCoreClockUpdate
    rcc_config.o(.ARM.exidx.text.SysClockConfig) refers to rcc_config.o(.text.SysClockConfig) for [Anonymous Symbol]
    adc.o(.ARM.exidx.text.ADC_Config) refers to adc.o(.text.ADC_Config) for [Anonymous Symbol]
    adc.o(.ARM.exidx.text.ADC_Enable) refers to adc.o(.text.ADC_Enable) for [Anonymous Symbol]
    adc.o(.ARM.exidx.text.ADC_START) refers to adc.o(.text.ADC_START) for [Anonymous Symbol]
    adc.o(.ARM.exidx.text.ADC_WaitForConv) refers to adc.o(.text.ADC_WaitForConv) for [Anonymous Symbol]
    adc.o(.ARM.exidx.text.ADC_GetVal) refers to adc.o(.text.ADC_GetVal) for [Anonymous Symbol]
    adc.o(.ARM.exidx.text.ADC_Disable) refers to adc.o(.text.ADC_Disable) for [Anonymous Symbol]
    adc.o(.text.ADC_IRQHandler) refers to uart.o(.text.UART2_SendString) for UART2_SendString
    adc.o(.ARM.exidx.text.ADC_IRQHandler) refers to adc.o(.text.ADC_IRQHandler) for [Anonymous Symbol]
    uart.o(.ARM.exidx.text.UartConfig) refers to uart.o(.text.UartConfig) for [Anonymous Symbol]
    uart.o(.ARM.exidx.text.UART2_SendChar) refers to uart.o(.text.UART2_SendChar) for [Anonymous Symbol]
    uart.o(.ARM.exidx.text.UART2_SendString) refers to uart.o(.text.UART2_SendString) for [Anonymous Symbol]
    uart.o(.ARM.exidx.text.UART_GetChar) refers to uart.o(.text.UART_GetChar) for [Anonymous Symbol]
    gpio.o(.ARM.exidx.text.GPIOconfig) refers to gpio.o(.text.GPIOconfig) for [Anonymous Symbol]
    timer_config.o(.ARM.exidx.text.TIM2config) refers to timer_config.o(.text.TIM2config) for [Anonymous Symbol]
    timer_config.o(.ARM.exidx.text.Delay_us) refers to timer_config.o(.text.Delay_us) for [Anonymous Symbol]
    timer_config.o(.ARM.exidx.text.Delay_ms) refers to timer_config.o(.text.Delay_ms) for [Anonymous Symbol]
    lcd2.o(.text.lcd_write2) refers to i2c_config.o(.text.I2C_start2) for I2C_start2
    lcd2.o(.text.lcd_write2) refers to i2c_config.o(.text.I2C_address2) for I2C_address2
    lcd2.o(.text.lcd_write2) refers to i2c_config.o(.text.I2C_MultiSend2) for I2C_MultiSend2
    lcd2.o(.text.lcd_write2) refers to i2c_config.o(.text.I2C_STOP2) for I2C_STOP2
    lcd2.o(.ARM.exidx.text.lcd_write2) refers to lcd2.o(.text.lcd_write2) for [Anonymous Symbol]
    lcd2.o(.ARM.exidx.text.lcd_write) refers to lcd2.o(.text.lcd_write) for [Anonymous Symbol]
    lcd2.o(.text.lcd_send_cmd2) refers to i2c_config.o(.text.I2C_start2) for I2C_start2
    lcd2.o(.text.lcd_send_cmd2) refers to i2c_config.o(.text.I2C_address2) for I2C_address2
    lcd2.o(.text.lcd_send_cmd2) refers to i2c_config.o(.text.I2C_MultiSend2) for I2C_MultiSend2
    lcd2.o(.text.lcd_send_cmd2) refers to i2c_config.o(.text.I2C_STOP2) for I2C_STOP2
    lcd2.o(.ARM.exidx.text.lcd_send_cmd2) refers to lcd2.o(.text.lcd_send_cmd2) for [Anonymous Symbol]
    lcd2.o(.text.lcd_send_data2) refers to i2c_config.o(.text.I2C_start2) for I2C_start2
    lcd2.o(.text.lcd_send_data2) refers to i2c_config.o(.text.I2C_address2) for I2C_address2
    lcd2.o(.text.lcd_send_data2) refers to i2c_config.o(.text.I2C_MultiSend2) for I2C_MultiSend2
    lcd2.o(.text.lcd_send_data2) refers to i2c_config.o(.text.I2C_STOP2) for I2C_STOP2
    lcd2.o(.ARM.exidx.text.lcd_send_data2) refers to lcd2.o(.text.lcd_send_data2) for [Anonymous Symbol]
    lcd2.o(.text.lcd_init2) refers to timer_config.o(.text.Delay_ms) for Delay_ms
    lcd2.o(.text.lcd_init2) refers to i2c_config.o(.text.I2C_start2) for I2C_start2
    lcd2.o(.text.lcd_init2) refers to i2c_config.o(.text.I2C_address2) for I2C_address2
    lcd2.o(.text.lcd_init2) refers to i2c_config.o(.text.I2C_MultiSend2) for I2C_MultiSend2
    lcd2.o(.text.lcd_init2) refers to i2c_config.o(.text.I2C_STOP2) for I2C_STOP2
    lcd2.o(.ARM.exidx.text.lcd_init2) refers to lcd2.o(.text.lcd_init2) for [Anonymous Symbol]
[...]
    rtc.o(.ARM.exidx.text.RTCinit) refers to rtc.o(.text.RTCinit) for [Anonymous Symbol]
    rtc.o(.text.RTC_get_time) refers (Special) to _printf_percent.o(.ARM.Collect$$_printf_percent$$00000000) for _printf_percent
    rtc.o(.text.RTC_get_time) refers (Special) to _printf_d.o(.ARM.Collect$$_printf_percent$$00000009) for _printf_d
    rtc.o(.text.RTC_get_time) refers (Special) to _printf_dec.o(.text) for _printf_int_dec
    rtc.o(.text.RTC_get_time) refers to rtc.o(.bss.sTime) for sTime
    rtc.o(.text.RTC_get_time) refers to noretval__2sprintf.o(.text) for __2sprintf
    rtc.o(.text.RTC_get_time) refers to uart.o(.text.UART2_SendString) for UART2_SendString
    rtc.o(.ARM.exidx.text.RTC_get_time) refers (Special) to _printf_percent.o(.ARM.Collect$$_printf_percent$$00000000) for _printf_percent
    rtc.o(.ARM.exidx.text.RTC_get_time) refers (Special) to _printf_d.o(.ARM.Collect$$_printf_percent$$00000009) for _printf_d
    rtc.o(.ARM.exidx.text.RTC_get_time) refers (Special) to _printf_dec.o(.text) for _printf_int_dec
    rtc.o(.ARM.exidx.text.RTC_get_time) refers to rtc.o(.text.RTC_get_time) for [Anonymous Symbol]
    rtc.o(.text.RTC_get_date) refers (Special) to _printf_percent.o(.ARM.Collect$$_printf_percent$$00000000) for _printf_percent
    rtc.o(.text.RTC_get_date) refers (Special) to _printf_d.o(.ARM.Collect$$_printf_percent$$00000009) for _printf_d
    rtc.o(.text.RTC_get_date) refers (Special) to _printf_dec.o(.text) for _printf_int_dec
    rtc.o(.text.RTC_get_date) refers to rtc.o(.bss.sDate) for sDate
    rtc.o(.text.RTC_get_date) refers to noretval__2sprintf.o(.text) for __2sprintf
    rtc.o(.text.RTC_get_date) refers to uart.o(.text.UART2_SendString) for UART2_SendString
    rtc.o(.ARM.exidx.text.RTC_get_date) refers (Special) to _printf_percent.o(.ARM.Collect$$_printf_percent$$00000000) for _printf_percent
    rtc.o(.ARM.exidx.text.RTC_get_date) refers (Special) to _printf_d.o(.ARM.Collect$$_printf_percent$$00000009) for _printf_d
    rtc.o(.ARM.exidx.text.RTC_get_date) refers (Special) to _printf_dec.o(.text) for _printf_int_dec
    rtc.o(.ARM.exidx.text.RTC_get_date) refers to rtc.o(.text.RTC_get_date) for [Anonymous Symbol]
    rtc.o(.text.RTC_WKUP_IRQHandler) refers (Special) to _printf_percent.o(.ARM.Collect$$_printf_percent$$00000000) for _printf_percent
    rtc.o(.text.RTC_WKUP_IRQHandler) refers (Special) to _printf_d.o(.ARM.Collect$$_printf_percent$$00000009) for _printf_d
    rtc.o(.text.RTC_WKUP_IRQHandler) refers (Special) to _printf_dec.o(.text) for _printf_int_dec
    rtc.o(.text.RTC_WKUP_IRQHandler) refers to uart.o(.text.UART2_SendChar) for UART2_SendChar
    rtc.o(.ARM.exidx.text.RTC_WKUP_IRQHandler) refers (Special) to _printf_percent.o(.ARM.Collect$$_printf_percent$$00000000) for _printf_percent
    rtc.o(.ARM.exidx.text.RTC_WKUP_IRQHandler) refers (Special) to _printf_d.o(.ARM.Collect$$_printf_percent$$00000009) for _printf_d
    rtc.o(.ARM.exidx.text.RTC_WKUP_IRQHandler) refers (Special) to _printf_dec.o(.text) for _printf_int_dec
    rtc.o(.ARM.exidx.text.RTC_WKUP_IRQHandler) refers to rtc.o(.text.RTC_WKUP_IRQHandler) for [Anonymous Symbol]
    rtc.o(.bss.sTime) refers (Special) to _printf_percent.o(.ARM.Collect$$_printf_percent$$00000000) for _printf_percent
    rtc.o(.bss.sTime) refers (Special) to _printf_d.o(.ARM.Collect$$_printf_percent$$00000009) for _printf_d
    rtc.o(.bss.sTime) refers (Special) to _printf_dec.o(.text) for _printf_int_dec
    rtc.o(.bss.sDate) refers (Special) to _printf_percent.o(.ARM.Collect$$_printf_percent$$00000000) for _printf_percent
    rtc.o(.bss.sDate) refers (Special) to _printf_d.o(.ARM.Collect$$_printf_percent$$00000009) for _printf_d
    rtc.o(.bss.sDate) refers (Special) to _printf_dec.o(.text) for _printf_int_dec
    wdg.o(.ARM.exidx.text.IWDG_init) refers to wdg.o(.text.IWDG_init) for [Anonymous Symbol]
    wdg.o(.ARM.exidx.text.IWDG_refresh) refers to wdg.o(.text.IWDG_refresh) for [Anonymous Symbol]
    wdg.o(.ARM.exidx.text.WWDG_init) refers to wdg.o(.text.WWDG_init) for [Anonymous Symbol]
    startup_stm32f401xe.o(STACK) refers (Special) to heapauxi.o(.text) for __use_two_region_memory
    startup_stm32f401xe.o(HEAP) refers (Special) to heapauxi.o(.text) for __use_two_region_memory
    startup_stm32f401xe.o(RESET) refers (Special) to heapauxi.o(.text) for __use_two_region_memory
    startup_stm32f401xe.o(RESET) refers to startup_stm32f401xe.o(STACK) for __initial_sp
    startup_stm32f401xe.o(RESET) refers to startup_stm32f401xe.o(.text) for Reset_Handler
    startup_stm32f401xe.o(RESET) refers to rtc.o(.text.RTC_WKUP_IRQHandler) for RTC_WKUP_IRQHandler
    startup_stm32f401xe.o(RESET) refers to dma+uart.o(.text.DMA1_Stream5_IRQHandler) for DMA1_Stream5_IRQHandler
    startup_stm32f401xe.o(RESET) refers to adc.o(.text.ADC_IRQHandler) for ADC_IRQHandler
    startup_stm32f401xe.o(RESET) refers to ultrasonic.o(.text.TIM3_IRQHandler) for TIM3_IRQHandler
    startup_stm32f401xe.o(RESET) refers to timerinterrupt.o(.text.TIM4_IRQHandler) for TIM4_IRQHandler
    startup_stm32f401xe.o(RESET) refers to exinterrupt.o(.text.EXTI15_10_IRQHandler) for EXTI15_10_IRQHandler
    startup_stm32f401xe.o(.text) refers (Special) to heapauxi.o(.text) for __use_two_region_memory
    startup_stm32f401xe.o(.text) refers to system_stm32f4xx.o(.text.SystemInit) for SystemInit
    startup_stm32f401xe.o(.text) refers to __main.o(!!!main) for __main
    startup_stm32f401xe.o(.text) refers to startup_stm32f401xe.o(HEAP) for Heap_Mem
    startup_stm32f401xe.o(.text) refers to startup_stm32f401xe.o(STACK) for Stack_Mem
    system_stm32f4xx.o(.ARM.exidx.text.SystemInit) refers to system_stm32f4xx.o(.text.SystemInit) for [Anonymous Symbol]
    system_stm32f4xx.o(.text.SystemCoreClockUpdate) refers to system_stm32f4xx.o(.data.SystemCoreClock) for SystemCoreClock
    system_stm32f4xx.o(.text.SystemCoreClockUpdate) refers to system_stm32f4xx.o(.rodata.AHBPrescTable) for AHBPrescTable
    system_stm32f4xx.o(.ARM.exidx.text.SystemCoreClockUpdate) refers to system_stm32f4xx.o(.text.SystemCoreClockUpdate) for [Anonymous Symbol]
    __2sprintf.o(.text) refers to _printf_char_common.o(.text) for _printf_char_common
    __2sprintf.o(.text) refers to _sputc.o(.text) for _sputc
    noretval__2sprintf.o(.text) refers to _printf_char_common.o(.text) for _printf_char_common
    noretval__2sprintf.o(.text) refers to _sputc.o(.text) for _sputc
    __printf.o(.text) refers to _printf_percent.o(.ARM.Collect$$_printf_percent$$00000000) for _printf_percent
    _printf_str.o(.text) refers (Special) to _printf_char.o(.text) for _printf_cs_common
    _printf_dec.o(.text) refers to _printf_intcommon.o(.text) for _printf_int_common
    __printf_flags.o(.text) refers to _printf_percent.o(.ARM.Collect$$_printf_percent$$00000000) for _printf_percent
    __printf_flags.o(.text) refers to __printf_flags.o(.constdata) for .constdata
    __printf_ss.o(.text) refers to _printf_percent.o(.ARM.Collect$$_printf_percent$$00000000) for _printf_percent
    __printf_flags_ss.o(.text) refers to _printf_percent.o(.ARM.Collect$$_printf_percent$$00000000) for _printf_percent
    __printf_flags_ss.o(.text) refers to __printf_flags_ss.o(.constdata) for .constdata
    __printf_wp.o(.text) refers to __printf_wp.o(i._is_digit) for _is_digit
    __printf_wp.o(.text) refers to _printf_percent.o(.ARM.Collect$$_printf_percent$$00000000) for _printf_percent
    __printf_flags_wp.o(.text) refers to __printf_wp.o(i._is_digit) for _is_digit
    __printf_flags_wp.o(.text) refers to _printf_percent.o(.ARM.Collect$$_printf_percent$$00000000) for _printf_percent
    __printf_flags_wp.o(.text) refers to __printf_flags_wp.o(.constdata) for .constdata
    __printf_ss_wp.o(.text) refers to __printf_wp.o(i._is_digit) for _is_digit
    __printf_ss_wp.o(.text) refers to _printf_percent.o(.ARM.Collect$$_printf_percent$$00000000) for _printf_percent
    __printf_flags_ss_wp.o(.text) refers to __printf_wp.o(i._is_digit) for _is_digit
    __printf_flags_ss_wp.o(.text) refers to _printf_percent.o(.ARM.Collect$$_printf_percent$$00000000) for _printf_percent
    __printf_flags_ss_wp.o(.text) refers to __printf_flags_ss_wp.o(.constdata) for .constdata
    _printf_c.o(.ARM.Collect$$_printf_percent$$00000013) refers (Weak) to _printf_char.o(.text) for _printf_char
    _printf_d.o(.ARM.Collect$$_printf_percent$$00000009) refers (Weak) to _printf_dec.o(.text) for _printf_int_dec
    _printf_percent.o(.ARM.Collect$$_printf_percent$$00000000) refers (Special) to _printf_percent_end.o(.ARM.Collect$$_printf_percent$$00000017) for _printf_percent_end
    __main.o(!!!main) refers to __rtentry.o(.ARM.Collect$$rtentry$$00000000) for __rt_entry
    dfixu.o(x$fpl$dfixu) refers (Special) to usenofp.o(x$fpl$usenofp) for __I$use$fp
    dfixu.o(x$fpl$dfixu) refers to dnaninf.o(x$fpl$dnaninf) for __fpl_dnaninf
    dfixu.o(x$fpl$dfixur) refers (Special) to usenofp.o(x$fpl$usenofp) for __I$use$fp
    dfixu.o(x$fpl$dfixur) refers to dnaninf.o(x$fpl$dnaninf) for __fpl_dnaninf
    dflt_clz.o(x$fpl$dfltu) refers (Special) to usenofp.o(x$fpl$usenofp) for __I$use$fp
    dflt_clz.o(x$fpl$dflt) refers (Special) to usenofp.o(x$fpl$usenofp) for __I$use$fp
    dflt_clz.o(x$fpl$dfltn) refers (Special) to usenofp.o(x$fpl$usenofp) for __I$use$fp
    dmul.o(x$fpl$dmul) refers (Special) to usenofp.o(x$fpl$usenofp) for __I$use$fp
    dmul.o(x$fpl$dmul) refers to dretinf.o(x$fpl$dretinf) for __fpl_dretinf
    dmul.o(x$fpl$dmul) refers to dnaninf.o(x$fpl$dnaninf) for __fpl_dnaninf
    __rtentry.o(.ARM.Collect$$rtentry$$00000000) refers (Special) to __rtentry2.o(.ARM.Collect$$rtentry$$0000000A) for __rt_entry_li
    __rtentry.o(.ARM.Collect$$rtentry$$00000000) refers (Special) to __rtentry2.o(.ARM.Collect$$rtentry$$0000000D) for __rt_entry_main
    __rtentry.o(.ARM.Collect$$rtentry$$00000000) refers (Special) to __rtentry2.o(.ARM.Collect$$rtentry$$0000000C) for __rt_entry_postli_1
    __rtentry.o(.ARM.Collect$$rtentry$$00000000) refers (Special) to __rtentry2.o(.ARM.Collect$$rtentry$$00000009) for __rt_entry_postsh_1
    __rtentry.o(.ARM.Collect$$rtentry$$00000000) refers (Special) to __rtentry2.o(.ARM.Collect$$rtentry$$00000002) for __rt_entry_presh_1
    __rtentry.o(.ARM.Collect$$rtentry$$00000000) refers (Special) to __rtentry4.o(.ARM.Collect$$rtentry$$00000004) for __rt_entry_sh
    _printf_char_common.o(.text) refers to __printf.o(.text) for __printf
    _printf_char.o(.text) refers (Weak) to _printf_str.o(.text) for _printf_str
    dnaninf.o(x$fpl$dnaninf) refers (Special) to usenofp.o(x$fpl$usenofp) for __I$use$fp
    dretinf.o(x$fpl$dretinf) refers (Special) to usenofp.o(x$fpl$usenofp) for __I$use$fp
    __rtentry2.o(.ARM.Collect$$rtentry$$00000008) refers to boardinit2.o(.text) for _platform_post_stackheap_init
    __rtentry2.o(.ARM.Collect$$rtentry$$0000000A) refers to libinit.o(.ARM.Collect$$libinit$$00000000) for __rt_lib_init
    __rtentry2.o(.ARM.Collect$$rtentry$$0000000B) refers to boardinit3.o(.text) for _platform_post_lib_init
    __rtentry2.o(.ARM.Collect$$rtentry$$0000000D) refers to main.o(.text.main) for main
    __rtentry2.o(.ARM.Collect$$rtentry$$0000000D) refers to exit.o(.text) for exit
    __rtentry2.o(.ARM.exidx) refers to __rtentry2.o(.ARM.Collect$$rtentry$$00000001) for .ARM.Collect$$rtentry$$00000001
    __rtentry2.o(.ARM.exidx) refers to __rtentry2.o(.ARM.Collect$$rtentry$$00000008) for .ARM.Collect$$rtentry$$00000008
    __rtentry2.o(.ARM.exidx) refers to __rtentry2.o(.ARM.Collect$$rtentry$$0000000A) for .ARM.Collect$$rtentry$$0000000A
    __rtentry2.o(.ARM.exidx) refers to __rtentry2.o(.ARM.Collect$$rtentry$$0000000B) for .ARM.Collect$$rtentry$$0000000B
    __rtentry2.o(.ARM.exidx) refers to __rtentry2.o(.ARM.Collect$$rtentry$$0000000D) for .ARM.Collect$$rtentry$$0000000D
    __rtentry4.o(.ARM.Collect$$rtentry$$00000004) refers to sys_stackheap_outer.o(.text) for __user_setup_stackheap
    __rtentry4.o(.ARM.exidx) refers to __rtentry4.o(.ARM.Collect$$rtentry$$00000004) for .ARM.Collect$$rtentry$$00000004
    sys_stackheap_outer.o(.text) refers to libspace.o(.text) for __user_perproc_libspace
    sys_stackheap_outer.o(.text) refers to startup_stm32f401xe.o(.text) for __user_initial_stackheap
    exit.o(.text) refers to rtexit.o(.ARM.Collect$$rtexit$$00000000) for __rt_exit
    libinit.o(.ARM.Collect$$libinit$$00000000) refers (Special) to libinit2.o(.ARM.Collect$$libinit$$00000030) for __rt_lib_init_alloca_1
    libinit.o(.ARM.Collect$$libinit$$00000000) refers (Special) to libinit2.o(.ARM.Collect$$libinit$$0000002E) for __rt_lib_init_argv_1
    libinit.o(.ARM.Collect$$libinit$$00000000) refers (Special) to libinit2.o(.ARM.Collect$$libinit$$0000001D) for __rt_lib_init_atexit_1
    libinit.o(.ARM.Collect$$libinit$$00000000) refers (Special) to libinit2.o(.ARM.Collect$$libinit$$00000023) for __rt_lib_init_clock_1
    libinit.o(.ARM.Collect$$libinit$$00000000) refers (Special) to libinit2.o(.ARM.Collect$$libinit$$00000034) for __rt_lib_init_cpp_1
    libinit.o(.ARM.Collect$$libinit$$00000000) refers (Special) to libinit2.o(.ARM.Collect$$libinit$$00000032) for __rt_lib_init_exceptions_1
    libinit.o(.ARM.Collect$$libinit$$00000000) refers (Special) to libinit2.o(.ARM.Collect$$libinit$$00000001) for __rt_lib_init_fp_1
    libinit.o(.ARM.Collect$$libinit$$00000000) refers (Special) to libinit2.o(.ARM.Collect$$libinit$$00000021) for __rt_lib_init_fp_trap_1
    libinit.o(.ARM.Collect$$libinit$$00000000) refers (Special) to libinit2.o(.ARM.Collect$$libinit$$00000025) for __rt_lib_init_getenv_1
    libinit.o(.ARM.Collect$$libinit$$00000000) refers (Special) to libinit2.o(.ARM.Collect$$libinit$$0000000C) for __rt_lib_init_heap_1
    libinit.o(.ARM.Collect$$libinit$$00000000) refers (Special) to libinit2.o(.ARM.Collect$$libinit$$00000013) for __rt_lib_init_lc_collate_1
    libinit.o(.ARM.Collect$$libinit$$00000000) refers (Special) to libinit2.o(.ARM.Collect$$libinit$$00000015) for __rt_lib_init_lc_ctype_1
    libinit.o(.ARM.Collect$$libinit$$00000000) refers (Special) to libinit2.o(.ARM.Collect$$libinit$$00000017) for __rt_lib_init_lc_monetary_1
    libinit.o(.ARM.Collect$$libinit$$00000000) refers (Special) to libinit2.o(.ARM.Collect$$libinit$$00000019) for __rt_lib_init_lc_numeric_1
    libinit.o(.ARM.Collect$$libinit$$00000000) refers (Special) to libinit2.o(.ARM.Collect$$libinit$$0000001B) for __rt_lib_init_lc_time_1
    libinit.o(.ARM.Collect$$libinit$$00000000) refers (Special) to libinit2.o(.ARM.Collect$$libinit$$00000006) for __rt_lib_init_preinit_1
    libinit.o(.ARM.Collect$$libinit$$00000000) refers (Special) to libinit2.o(.ARM.Collect$$libinit$$00000010) for __rt_lib_init_rand_1
    libinit.o(.ARM.Collect$$libinit$$00000000) refers (Special) to libinit2.o(.ARM.Collect$$libinit$$00000004) for __rt_lib_init_relocate_pie_1
    libinit.o(.ARM.Collect$$libinit$$00000000) refers (Special) to libinit2.o(.ARM.Collect$$libinit$$00000035) for __rt_lib_init_return
    libinit.o(.ARM.Collect$$libinit$$00000000) refers (Special) to libinit2.o(.ARM.Collect$$libinit$$0000001F) for __rt_lib_init_signal_1
    libinit.o(.ARM.Collect$$libinit$$00000000) refers (Special) to libinit2.o(.ARM.Collect$$libinit$$00000027) for __rt_lib_init_stdio_1
    libinit.o(.ARM.Collect$$libinit$$00000000) refers (Special) to libinit2.o(.ARM.Collect$$libinit$$0000000E) for __rt_lib_init_user_alloc_1
    libspace.o(.text) refers to libspace.o(.bss) for __libspace_start
    rtexit.o(.ARM.Collect$$rtexit$$00000000) refers (Special) to rtexit2.o(.ARM.Collect$$rtexit$$00000004) for __rt_exit_exit
    rtexit.o(.ARM.Collect$$rtexit$$00000000) refers (Special) to rtexit2.o(.ARM.Collect$$rtexit$$00000003) for __rt_exit_ls
    rtexit.o(.ARM.Collect$$rtexit$$00000000) refers (Special) to rtexit2.o(.ARM.Collect$$rtexit$$00000002) for __rt_exit_prels_1
    rtexit.o(.ARM.exidx) refers (Special) to rtexit2.o(.ARM.Collect$$rtexit$$00000004) for __rt_exit_exit
    rtexit.o(.ARM.exidx) refers (Special) to rtexit2.o(.ARM.Collect$$rtexit$$00000003) for __rt_exit_ls
    rtexit.o(.ARM.exidx) refers (Special) to rtexit2.o(.ARM.Collect$$rtexit$$00000002) for __rt_exit_prels_1
    rtexit.o(.ARM.exidx) refers to rtexit.o(.ARM.Collect$$rtexit$$00000000) for .ARM.Collect$$rtexit$$00000000
    libinit2.o(.ARM.Collect$$libinit$$00000001) refers to fpinit.o(x$fpl$fpinit) for _fp_init
    libinit2.o(.ARM.Collect$$libinit$$00000012) refers to libinit2.o(.ARM.Collect$$libinit$$00000011) for .ARM.Collect$$libinit$$00000011
    libinit2.o(.ARM.Collect$$libinit$$00000014) refers to libinit2.o(.ARM.Collect$$libinit$$00000011) for .ARM.Collect$$libinit$$00000011
    libinit2.o(.ARM.Collect$$libinit$$00000016) refers to libinit2.o(.ARM.Collect$$libinit$$00000011) for .ARM.Collect$$libinit$$00000011
    libinit2.o(.ARM.Collect$$libinit$$00000018) refers to libinit2.o(.ARM.Collect$$libinit$$00000011) for .ARM.Collect$$libinit$$00000011
    libinit2.o(.ARM.Collect$$libinit$$0000001A) refers to libinit2.o(.ARM.Collect$$libinit$$00000011) for .ARM.Collect$$libinit$$00000011
    libinit2.o(.ARM.Collect$$libinit$$00000028) refers to argv_veneer.o(.emb_text) for __ARM_argv_veneer
    libinit2.o(.ARM.Collect$$libinit$$00000029) refers to argv_veneer.o(.emb_text) for __ARM_argv_veneer
    rtexit2.o(.ARM.Collect$$rtexit$$00000003) refers to libshutdown.o(.ARM.Collect$$libshutdown$$00000000) for __rt_lib_shutdown
    rtexit2.o(.ARM.Collect$$rtexit$$00000004) refers to sys_exit.o(.text) for _sys_exit
    rtexit2.o(.ARM.exidx) refers to rtexit2.o(.ARM.Collect$$rtexit$$00000001) for .ARM.Collect$$rtexit$$00000001
    rtexit2.o(.ARM.exidx) refers to rtexit2.o(.ARM.Collect$$rtexit$$00000003) for .ARM.Collect$$rtexit$$00000003
    rtexit2.o(.ARM.exidx) refers to rtexit2.o(.ARM.Collect$$rtexit$$00000004) for .ARM.Collect$$rtexit$$00000004
    argv_veneer.o(.emb_text) refers to no_argv.o(.text) for __ARM_get_argv
    sys_exit.o(.text) refers (Special) to use_no_semi.o(.text) for __I$use$semihosting
    sys_exit.o(.text) refers (Special) to indicate_semi.o(.text) for __semihosting_library_function
    sys_exit_hlt.o(.text) refers (Special) to use_no_semi.o(.text) for __I$use$semihosting
    sys_exit_hlt.o(.text) refers (Special) to indicate_semi.o(.text) for __semihosting_library_function
    _get_argv_nomalloc.o(.text) refers (Special) to hrguard.o(.text) for __heap_region$guard
    _get_argv_nomalloc.o(.text) refers to defsig_rtmem_outer.o(.text) for __rt_SIGRTMEM
    _get_argv_nomalloc.o(.text) refers to sys_command.o(.text) for _sys_command_string
    libshutdown.o(.ARM.Collect$$libshutdown$$00000000) refers (Special) to libshutdown2.o(.ARM.Collect$$libshutdown$$00000002) for __rt_lib_shutdown_cpp_1
    libshutdown.o(.ARM.Collect$$libshutdown$$00000000) refers (Special) to libshutdown2.o(.ARM.Collect$$libshutdown$$00000007) for __rt_lib_shutdown_fp_trap_1
    libshutdown.o(.ARM.Collect$$libshutdown$$00000000) refers (Special) to libshutdown2.o(.ARM.Collect$$libshutdown$$0000000F) for __rt_lib_shutdown_heap_1
    libshutdown.o(.ARM.Collect$$libshutdown$$00000000) refers (Special) to libshutdown2.o(.ARM.Collect$$libshutdown$$00000010) for __rt_lib_shutdown_return
    libshutdown.o(.ARM.Collect$$libshutdown$$00000000) refers (Special) to libshutdown2.o(.ARM.Collect$$libshutdown$$0000000A) for __rt_lib_shutdown_signal_1
    libshutdown.o(.ARM.Collect$$libshutdown$$00000000) refers (Special) to libshutdown2.o(.ARM.Collect$$libshutdown$$00000004) for __rt_lib_shutdown_stdio_1
    libshutdown.o(.ARM.Collect$$libshutdown$$00000000) refers (Special) to libshutdown2.o(.ARM.Collect$$libshutdown$$0000000C) for __rt_lib_shutdown_user_alloc_1
    sys_command.o(.text) refers (Special) to use_no_semi.o(.text) for __I$use$semihosting
    sys_command.o(.text) refers (Special) to indicate_semi.o(.text) for __semihosting_library_function
    sys_command_hlt.o(.text) refers (Special) to use_no_semi.o(.text) for __I$use$semihosting
    sys_command_hlt.o(.text) refers (Special) to indicate_semi.o(.text) for __semihosting_library_function
    defsig_rtmem_outer.o(.text) refers to defsig_rtmem_inner.o(.text) for __rt_SIGRTMEM_inner
    defsig_rtmem_outer.o(.text) refers to defsig_exit.o(.text) for __sig_exit
    defsig_rtmem_formal.o(.text) refers to rt_raise.o(.text) for __rt_raise
    rt_raise.o(.text) refers to __raise.o(.text) for __raise
    rt_raise.o(.text) refers to sys_exit.o(.text) for _sys_exit
    defsig_exit.o(.text) refers to sys_exit.o(.text) for _sys_exit
    defsig_rtmem_inner.o(.text) refers to defsig_general.o(.text) for __default_signal_display
    __raise.o(.text) refers to defsig.o(CL$$defsig) for __default_signal_handler
    defsig_general.o(.text) refers to sys_wrch.o(.text) for _ttywrch
    sys_wrch.o(.text) refers (Special) to use_no_semi.o(.text) for __I$use$semihosting
    sys_wrch.o(.text) refers (Special) to indicate_semi.o(.text) for __semihosting_library_function
    sys_wrch_hlt.o(.text) refers (Special) to use_no_semi.o(.text) for __I$use$semihosting
    sys_wrch_hlt.o(.text) refers (Special) to indicate_semi.o(.text) for __semihosting_library_function
    defsig.o(CL$$defsig) refers to defsig_rtmem_inner.o(.text) for __rt_SIGRTMEM_inner
    defsig_abrt_inner.o(.text) refers to defsig_general.o(.text) for __default_signal_display
    defsig_fpe_inner.o(.text) refers to defsig_general.o(.text) for __default_signal_display
    defsig_rtred_inner.o(.text) refers to defsig_general.o(.text) for __default_signal_display
    defsig_stak_inner.o(.text) refers to defsig_general.o(.text) for __default_signal_display
    defsig_pvfn_inner.o(.text) refers to defsig_general.o(.text) for __default_signal_display
    defsig_cppl_inner.o(.text) refers to defsig_general.o(.text) for __default_signal_display
    defsig_segv_inner.o(.text) refers to defsig_general.o(.text) for __default_signal_display
    defsig_other.o(.text) refers to defsig_general.o(.text) for __default_signal_display


==============================================================================

Removing Unused input sections from the image.

    Removing main.o(.text), (0 bytes).
    Removing main.o(.ARM.exidx.text.main), (8 bytes).
    Removing main.o(.bss.var), (2 bytes).
    Removing main.o(.bss.str), (40 bytes).
    Removing main.o(.ARM.use_no_argv), (4 bytes).
    Removing rcc_config.o(.text), (0 bytes).
    Removing rcc_config.o(.ARM.exidx.text.SysClockConfig), (8 bytes).
    Removing adc.o(.text), (0 bytes).
    Removing adc.o(.ARM.exidx.text.ADC_Config), (8 bytes).
    Removing adc.o(.ARM.exidx.text.ADC_Enable), (8 bytes).
    Removing adc.o(.text.ADC_START), (36 bytes).
    Removing adc.o(.ARM.exidx.text.ADC_START), (8 bytes).
    Removing adc.o(.text.ADC_WaitForConv), (16 bytes).
    Removing adc.o(.ARM.exidx.text.ADC_WaitForConv), (8 bytes).
    Removing adc.o(.text.ADC_GetVal), (14 bytes).
    Removing adc.o(.ARM.exidx.text.ADC_GetVal), (8 bytes).
    Removing adc.o(.text.ADC_Disable), (18 bytes).
    Removing adc.o(.ARM.exidx.text.ADC_Disable), (8 bytes).
    Removing adc.o(.ARM.exidx.text.ADC_IRQHandler), (8 bytes).
    Removing uart.o(.text), (0 bytes).
    Removing uart.o(.ARM.exidx.text.UartConfig), (8 bytes).
    Removing uart.o(.ARM.exidx.text.UART2_SendChar), (8 bytes).
    Removing uart.o(.ARM.exidx.text.UART2_SendString), (8 bytes).
    Removing uart.o(.text.UART_GetChar), (20 bytes).
    Removing uart.o(.ARM.exidx.text.UART_GetChar), (8 bytes).
    Removing gpio.o(.text), (0 bytes).
    Removing gpio.o(.ARM.exidx.text.GPIOconfig), (8 bytes).
    Removing timer_config.o(.text), (0 bytes).
    Removing timer_config.o(.ARM.exidx.text.TIM2config), (8 bytes).
    Removing timer_config.o(.text.Delay_us), (20 bytes).
    Removing timer_config.o(.ARM.exidx.text.Delay_us), (8 bytes).
    Removing timer_config.o(.ARM.exidx.text.Delay_ms), (8 bytes).
    Removing lcd2.o(.text), (0 bytes).
    Removing lcd2.o(.text.lcd_write2), (34 bytes).
    Removing lcd2.o(.ARM.exidx.text.lcd_write2), (8 bytes).
    Removing lcd2.o(.text.lcd_write), (106 bytes).
    Removing lcd2.o(.ARM.exidx.text.lcd_write), (8 bytes).
    Removing lcd2.o(.text.lcd_send_cmd2), (64 bytes).
    Removing lcd2.o(.ARM.exidx.text.lcd_send_cmd2), (8 bytes).
    Removing lcd2.o(.text.lcd_send_data2), (64 bytes).
    Removing lcd2.o(.ARM.exidx.text.lcd_send_data2), (8 bytes).
    Removing lcd2.o(.text.lcd_init2), (340 bytes).
    Removing lcd2.o(.ARM.exidx.text.lcd_init2), (8 bytes).
    Removing lcd2.o(.text.lcd_send_string2), (82 bytes).
    Removing lcd2.o(.ARM.exidx.text.lcd_send_string2), (8 bytes).
    Removing lcd2.o(.text.setCursor2), (124 bytes).
    Removing lcd2.o(.ARM.exidx.text.setCursor2), (8 bytes).
    Removing lcd2.o(.text.lcd_clear2), (46 bytes).
    Removing lcd2.o(.ARM.exidx.text.lcd_clear2), (8 bytes).
    Removing i2c_config.o(.text), (0 bytes).
    Removing i2c_config.o(.text.I2C_configuration2), (136 bytes).
    Removing i2c_config.o(.ARM.exidx.text.I2C_configuration2), (8 bytes).
    Removing i2c_config.o(.text.I2C_start2), (32 bytes).
    Removing i2c_config.o(.ARM.exidx.text.I2C_start2), (8 bytes).
    Removing i2c_config.o(.text.I2C_Send2), (28 bytes).
    Removing i2c_config.o(.ARM.exidx.text.I2C_Send2), (8 bytes).
    Removing i2c_config.o(.text.I2C_address2), (22 bytes).
    Removing i2c_config.o(.ARM.exidx.text.I2C_address2), (8 bytes).
    Removing i2c_config.o(.text.I2C_STOP2), (18 bytes).
    Removing i2c_config.o(.ARM.exidx.text.I2C_STOP2), (8 bytes).
    Removing i2c_config.o(.text.I2C_MultiSend2), (48 bytes).
    Removing i2c_config.o(.ARM.exidx.text.I2C_MultiSend2), (8 bytes).
    Removing i2c_config.o(.text.I2C_Message2), (68 bytes).
    Removing i2c_config.o(.ARM.exidx.text.I2C_Message2), (8 bytes).
    Removing i2c_config.o(.text.I2C_Read2), (158 bytes).
    Removing i2c_config.o(.ARM.exidx.text.I2C_Read2), (8 bytes).
    Removing pwm.o(.text), (0 bytes).
    Removing pwm.o(.text.GPIOinit), (74 bytes).
    Removing pwm.o(.ARM.exidx.text.GPIOinit), (8 bytes).
    Removing pwm.o(.text.PWMConfig), (182 bytes).
    Removing pwm.o(.ARM.exidx.text.PWMConfig), (8 bytes).
    Removing pwm.o(.text.map), (28 bytes).
    Removing pwm.o(.ARM.exidx.text.map), (8 bytes).
    Removing pwm.o(.text.servo_write), (46 bytes).
    Removing pwm.o(.ARM.exidx.text.servo_write), (8 bytes).
    Removing ultrasonic.o(.text), (0 bytes).
    Removing ultrasonic.o(.ARM.exidx.text.TIM3_IRQHandler), (8 bytes).
    Removing ultrasonic.o(.text.Pinecho), (88 bytes).
    Removing ultrasonic.o(.ARM.exidx.text.Pinecho), (8 bytes).
    Removing ultrasonic.o(.text.TIMecho), (144 bytes).
    Removing ultrasonic.o(.ARM.exidx.text.TIMecho), (8 bytes).
    Removing ultrasonic.o(.text.configchan), (34 bytes).
    Removing ultrasonic.o(.ARM.exidx.text.configchan), (8 bytes).
    Removing ultrasonic.o(.text.configecho), (252 bytes).
    Removing ultrasonic.o(.ARM.exidx.text.configecho), (8 bytes).
    Removing ultrasonic.o(.text.trigger), (40 bytes).
    Removing ultrasonic.o(.ARM.exidx.text.trigger), (8 bytes).
    Removing ultrasonic.o(.text.sendedge), (68 bytes).
    Removing ultrasonic.o(.ARM.exidx.text.sendedge), (8 bytes).
    Removing dht11.o(.text), (0 bytes).
    Removing dht11.o(.text.DHT11_Start), (86 bytes).
    Removing dht11.o(.ARM.exidx.text.DHT11_Start), (8 bytes).
    Removing dht11.o(.text.Check_Response), (54 bytes).
    Removing dht11.o(.ARM.exidx.text.Check_Response), (8 bytes).
    Removing dht11.o(.text.DHT11_Read), (70 bytes).
    Removing dht11.o(.ARM.exidx.text.DHT11_Read), (8 bytes).
    Removing dht11.o(.text.DHT_GetData), (504 bytes).
    Removing dht11.o(.ARM.exidx.text.DHT_GetData), (8 bytes).
    Removing dht11.o(.rodata.str1.1), (5 bytes).
    Removing spi.o(.text), (0 bytes).
    Removing spi.o(.text.SPI_Config), (94 bytes).
    Removing spi.o(.ARM.exidx.text.SPI_Config), (8 bytes).
    Removing spi.o(.text.GPIO_conf), (56 bytes).
    Removing spi.o(.ARM.exidx.text.GPIO_conf), (8 bytes).
    Removing spi.o(.text.SPI_Enable), (18 bytes).
    Removing spi.o(.ARM.exidx.text.SPI_Enable), (8 bytes).
    Removing spi.o(.text.SPI_Disable), (18 bytes).
    Removing spi.o(.ARM.exidx.text.SPI_Disable), (8 bytes).
    Removing spi.o(.text.CS_Enable), (16 bytes).
    Removing spi.o(.ARM.exidx.text.CS_Enable), (8 bytes).
    Removing spi.o(.text.CS_Disable), (16 bytes).
    Removing spi.o(.ARM.exidx.text.CS_Disable), (8 bytes).
    Removing spi.o(.text.SPI_Transmit), (56 bytes).
    Removing spi.o(.ARM.exidx.text.SPI_Transmit), (8 bytes).
    Removing spi.o(.text.SPI_Receive), (50 bytes).
    Removing spi.o(.ARM.exidx.text.SPI_Receive), (8 bytes).
    Removing spi.o(.text.adxl_write), (98 bytes).
    Removing spi.o(.ARM.exidx.text.adxl_write), (8 bytes).
    Removing spi.o(.text.adxl_read), (118 bytes).
    Removing spi.o(.ARM.exidx.text.adxl_read), (8 bytes).
    Removing spi.o(.text.adxl_init), (234 bytes).
    Removing spi.o(.ARM.exidx.text.adxl_init), (8 bytes).
    Removing spi.o(.bss.RxData), (6 bytes).
    Removing spi.o(.bss.xg), (4 bytes).
    Removing spi.o(.bss.yg), (4 bytes).
    Removing spi.o(.bss.zg), (4 bytes).
    Removing spi.o(.bss.x), (2 bytes).
    Removing spi.o(.bss.y), (2 bytes).
    Removing spi.o(.bss.z), (2 bytes).
    Removing exinterrupt.o(.text), (0 bytes).
    Removing exinterrupt.o(.ARM.exidx.text.GPConf), (8 bytes).
    Removing exinterrupt.o(.ARM.exidx.text.InterruptConf), (8 bytes).
    Removing exinterrupt.o(.ARM.exidx.text.EXTI15_10_IRQHandler), (8 bytes).
    Removing dma+adc.o(.text), (0 bytes).
    Removing dma+adc.o(.text.ADC_Init2), (178 bytes).
    Removing dma+adc.o(.ARM.exidx.text.ADC_Init2), (8 bytes).
    Removing dma+adc.o(.text.ADC_Enable2), (18 bytes).
    Removing dma+adc.o(.ARM.exidx.text.ADC_Enable2), (8 bytes).
    Removing dma+adc.o(.text.ADC_Start2), (24 bytes).
    Removing dma+adc.o(.ARM.exidx.text.ADC_Start2), (8 bytes).
    Removing dma+adc.o(.text.DMA_Init2), (66 bytes).
    Removing dma+adc.o(.ARM.exidx.text.DMA_Init2), (8 bytes).
    Removing dma+adc.o(.text.DMA_Config2), (24 bytes).
    Removing dma+adc.o(.ARM.exidx.text.DMA_Config2), (8 bytes).
    Removing dma+adc.o(.text.DMA_Go2), (86 bytes).
    Removing dma+adc.o(.ARM.exidx.text.DMA_Go2), (8 bytes).
    Removing dma+uart.o(.text), (0 bytes).
    Removing dma+uart.o(.text.UartConfig2), (124 bytes).
    Removing dma+uart.o(.ARM.exidx.text.UartConfig2), (8 bytes).
    Removing dma+uart.o(.text.DMA_Init1), (90 bytes).
    Removing dma+uart.o(.ARM.exidx.text.DMA_Init1), (8 bytes).
    Removing dma+uart.o(.text.DMA_Config1), (44 bytes).
    Removing dma+uart.o(.ARM.exidx.text.DMA_Config1), (8 bytes).
    Removing dma+uart.o(.ARM.exidx.text.DMA1_Stream5_IRQHandler), (8 bytes).
    Removing powermode.o(.text), (0 bytes).
    Removing powermode.o(.text.CheckSleep), (108 bytes).
    Removing powermode.o(.ARM.exidx.text.CheckSleep), (8 bytes).
    Removing powermode.o(.ARM.exidx.text.GoToSleep), (8 bytes).
    Removing timerinterrupt.o(.text), (0 bytes).
    Removing timerinterrupt.o(.text.TIM4config), (88 bytes).
    Removing timerinterrupt.o(.ARM.exidx.text.TIM4config), (8 bytes).
    Removing timerinterrupt.o(.ARM.exidx.text.TIM4_IRQHandler), (8 bytes).
    Removing rtc.o(.text), (0 bytes).
    Removing rtc.o(.ARM.exidx.text.RTCinit), (8 bytes).
    Removing rtc.o(.text.RTC_get_time), (116 bytes).
    Removing rtc.o(.ARM.exidx.text.RTC_get_time), (8 bytes).
    Removing rtc.o(.text.RTC_get_date), (116 bytes).
    Removing rtc.o(.ARM.exidx.text.RTC_get_date), (8 bytes).
    Removing rtc.o(.ARM.exidx.text.RTC_WKUP_IRQHandler), (8 bytes).
    Removing rtc.o(.bss.sTime), (3 bytes).
    Removing rtc.o(.bss.sDate), (3 bytes).
    Removing wdg.o(.text), (0 bytes).
    Removing wdg.o(.ARM.exidx.text.IWDG_init), (8 bytes).
    Removing wdg.o(.text.IWDG_refresh), (16 bytes).
    Removing wdg.o(.ARM.exidx.text.IWDG_refresh), (8 bytes).
    Removing wdg.o(.text.WWDG_init), (46 bytes).
    Removing wdg.o(.ARM.exidx.text.WWDG_init), (8 bytes).
    Removing system_stm32f4xx.o(.text), (0 bytes).
    Removing system_stm32f4xx.o(.ARM.exidx.text.SystemInit), (8 bytes).
    Removing system_stm32f4xx.o(.ARM.exidx.text.SystemCoreClockUpdate), (8 bytes).
    Removing system_stm32f4xx.o(.rodata.APBPrescTable), (8 bytes).

181 unused section(s) (total 5851 bytes) removed from the image.

==============================================================================

Image Symbol Table

    Local Symbols

    Symbol Name                              Value     Ov Type        Size  Object(Section)

    ../clib/angel/boardlib.s                 0x00000000   Number         0  boardinit1.o ABSOLUTE
    ../clib/angel/boardlib.s                 0x00000000   Number         0  boardinit2.o ABSOLUTE
    ../clib/angel/boardlib.s                 0x00000000   Number         0  boardinit3.o ABSOLUTE
    ../clib/angel/boardlib.s                 0x00000000   Number         0  boardshut.o ABSOLUTE
    ../clib/angel/handlers.s                 0x00000000   Number         0  __scatter_copy.o ABSOLUTE
    ../clib/angel/handlers.s                 0x00000000   Number         0  __scatter_zi.o ABSOLUTE
    ../clib/angel/kernel.s                   0x00000000   Number         0  __rtentry.o ABSOLUTE
    ../clib/angel/kernel.s                   0x00000000   Number         0  __rtentry2.o ABSOLUTE
    ../clib/angel/kernel.s                   0x00000000   Number         0  __rtentry4.o ABSOLUTE
    ../clib/angel/kernel.s                   0x00000000   Number         0  rtexit.o ABSOLUTE
    ../clib/angel/kernel.s                   0x00000000   Number         0  rtexit2.o ABSOLUTE
    ../clib/angel/rt.s                       0x00000000   Number         0  rt_raise.o ABSOLUTE
    ../clib/angel/scatter.s                  0x00000000   Number         0  __scatter.o ABSOLUTE
    ../clib/angel/startup.s                  0x00000000   Number         0  __main.o ABSOLUTE
    ../clib/angel/sys.s                      0x00000000   Number         0  sys_stackheap_outer.o ABSOLUTE
    ../clib/angel/sys.s                      0x00000000   Number         0  libspace.o ABSOLUTE
    ../clib/angel/sys.s                      0x00000000   Number         0  use_no_semi.o ABSOLUTE
    ../clib/angel/sys.s                      0x00000000   Number         0  indicate_semi.o ABSOLUTE
    ../clib/angel/sysapp.c                   0x00000000   Number         0  sys_exit.o ABSOLUTE
    ../clib/angel/sysapp.c                   0x00000000   Number         0  sys_exit_hlt.o ABSOLUTE
    ../clib/angel/sysapp.c                   0x00000000   Number         0  sys_command.o ABSOLUTE
    ../clib/angel/sysapp.c                   0x00000000   Number         0  sys_command_hlt.o ABSOLUTE
    ../clib/angel/sysapp.c                   0x00000000   Number         0  sys_wrch.o ABSOLUTE
    ../clib/angel/sysapp.c                   0x00000000   Number         0  sys_wrch_hlt.o ABSOLUTE
    ../clib/armsys.c                         0x00000000   Number         0  argv_veneer.o ABSOLUTE
    ../clib/armsys.c                         0x00000000   Number         0  argv_veneer.o ABSOLUTE
    ../clib/armsys.c                         0x00000000   Number         0  _get_argv_nomalloc.o ABSOLUTE
    ../clib/armsys.c                         0x00000000   Number         0  no_argv.o ABSOLUTE
    ../clib/heapalloc.c                      0x00000000   Number         0  hrguard.o ABSOLUTE
    ../clib/heapaux.c                        0x00000000   Number         0  heapauxi.o ABSOLUTE
    ../clib/libinit.s                        0x00000000   Number         0  libinit.o ABSOLUTE
    ../clib/libinit.s                        0x00000000   Number         0  libinit2.o ABSOLUTE
    ../clib/libinit.s                        0x00000000   Number         0  libshutdown.o ABSOLUTE
    ../clib/libinit.s                        0x00000000   Number         0  libshutdown2.o ABSOLUTE
    ../clib/printf.c                         0x00000000   Number         0  __2sprintf.o ABSOLUTE
    ../clib/printf.c                         0x00000000   Number         0  noretval__2sprintf.o ABSOLUTE
    ../clib/printf.c                         0x00000000   Number         0  __printf.o ABSOLUTE
    ../clib/printf.c                         0x00000000   Number         0  _printf_str.o ABSOLUTE
    ../clib/printf.c                         0x00000000   Number         0  _printf_dec.o ABSOLUTE
    ../clib/printf.c                         0x00000000   Number         0  __printf_flags.o ABSOLUTE
    ../clib/printf.c                         0x00000000   Number         0  __printf_ss.o ABSOLUTE
    ../clib/printf.c                         0x00000000   Number         0  __printf_flags_ss.o ABSOLUTE
    ../clib/printf.c                         0x00000000   Number         0  __printf_wp.o ABSOLUTE
    ../clib/printf.c                         0x00000000   Number         0  __printf_flags_wp.o ABSOLUTE
    ../clib/printf.c                         0x00000000   Number         0  __printf_ss_wp.o ABSOLUTE
    ../clib/printf.c                         0x00000000   Number         0  __printf_flags_ss_wp.o ABSOLUTE
    ../clib/printf.c                         0x00000000   Number         0  _printf_intcommon.o ABSOLUTE
    ../clib/printf.c                         0x00000000   Number         0  _printf_char_common.o ABSOLUTE
    ../clib/printf.c                         0x00000000   Number         0  _sputc.o ABSOLUTE
    ../clib/printf.c                         0x00000000   Number         0  _printf_char.o ABSOLUTE
    ../clib/printf.c                         0x00000000   Number         0  __printf_nopercent.o ABSOLUTE
    ../clib/printf_percent.s                 0x00000000   Number         0  _printf_c.o ABSOLUTE
    ../clib/printf_percent.s                 0x00000000   Number         0  _printf_d.o ABSOLUTE
    ../clib/printf_percent.s                 0x00000000   Number         0  _printf_percent.o ABSOLUTE
    ../clib/printf_percent.s                 0x00000000   Number         0  _printf_percent_end.o ABSOLUTE
    ../clib/signal.c                         0x00000000   Number         0  defsig_rtmem_outer.o ABSOLUTE
    ../clib/signal.c                         0x00000000   Number         0  defsig_rtmem_formal.o ABSOLUTE
    ../clib/signal.c                         0x00000000   Number         0  defsig_exit.o ABSOLUTE
    ../clib/signal.c                         0x00000000   Number         0  defsig_rtmem_inner.o ABSOLUTE
    ../clib/signal.c                         0x00000000   Number         0  __raise.o ABSOLUTE
    ../clib/signal.c                         0x00000000   Number         0  defsig_general.o ABSOLUTE
    ../clib/signal.c                         0x00000000   Number         0  defsig_abrt_inner.o ABSOLUTE
    ../clib/signal.c                         0x00000000   Number         0  defsig_fpe_inner.o ABSOLUTE
    ../clib/signal.c                         0x00000000   Number         0  defsig_rtred_inner.o ABSOLUTE
    ../clib/signal.c                         0x00000000   Number         0  defsig_stak_inner.o ABSOLUTE
    ../clib/signal.c                         0x00000000   Number         0  defsig_pvfn_inner.o ABSOLUTE
    ../clib/signal.c                         0x00000000   Number         0  defsig_cppl_inner.o ABSOLUTE
    ../clib/signal.c                         0x00000000   Number         0  defsig_segv_inner.o ABSOLUTE
    ../clib/signal.c                         0x00000000   Number         0  defsig_other.o ABSOLUTE
    ../clib/signal.s                         0x00000000   Number         0  defsig.o ABSOLUTE
    ../clib/stdlib.c                         0x00000000   Number         0  exit.o ABSOLUTE
    ../fplib/dfixu.s                         0x00000000   Number         0  dfixu.o ABSOLUTE
    ../fplib/dflt.s                          0x00000000   Number         0  dflt_clz.o ABSOLUTE
    ../fplib/dmul.s                          0x00000000   Number         0  dmul.o ABSOLUTE
    ../fplib/dnaninf.s                       0x00000000   Number         0  dnaninf.o ABSOLUTE
    ../fplib/dretinf.s                       0x00000000   Number         0  dretinf.o ABSOLUTE
    ../fplib/fpinit.s                        0x00000000   Number         0  fpinit.o ABSOLUTE
    ../fplib/usenofp.s                       0x00000000   Number         0  usenofp.o ABSOLUTE
    ADC.c                                    0x00000000   Number         0  adc.o ABSOLUTE
    DHT11.c                                  0x00000000   Number         0  dht11.o ABSOLUTE
    DMA+adc.c                                0x00000000   Number         0  dma+adc.o ABSOLUTE
    DMA+uart.c                               0x00000000   Number         0  dma+uart.o ABSOLUTE
    ExInterrupt.c                            0x00000000   Number         0  exinterrupt.o ABSOLUTE
    GPIO.c                                   0x00000000   Number         0  gpio.o ABSOLUTE
    I2C_config.c                             0x00000000   Number         0  i2c_config.o ABSOLUTE
    LCD2.c                                   0x00000000   Number         0  lcd2.o ABSOLUTE
    PWM.c                                    0x00000000   Number         0  pwm.o ABSOLUTE
    PowerMode.c                              0x00000000   Number         0  powermode.o ABSOLUTE
    RCC_config.c                             0x00000000   Number         0  rcc_config.o ABSOLUTE
    RTC.c                                    0x00000000   Number         0  rtc.o ABSOLUTE
    RTE/Device/STM32F401RETx/startup_stm32f401xe.s 0x00000000   Number         0  startup_stm32f401xe.o ABSOLUTE
    SPI.c                                    0x00000000   Number         0  spi.o ABSOLUTE
    TimerInterrupt.c                         0x00000000   Number         0  timerinterrupt.o ABSOLUTE
    UART.c                                   0x00000000   Number         0  uart.o ABSOLUTE
    UltraSonic.c                             0x00000000   Number         0  ultrasonic.o ABSOLUTE
    WDG.c                                    0x00000000   Number         0  wdg.o ABSOLUTE
    dc.s                                     0x00000000   Number         0  dc.o ABSOLUTE
    main.c                                   0x00000000   Number         0  main.o ABSOLUTE
    system_stm32f4xx.c                       0x00000000   Number         0  system_stm32f4xx.o ABSOLUTE
    timer_config.c                           0x00000000   Number         0  timer_config.o ABSOLUTE
    RESET                                    0x08000000   Section      404  startup_stm32f401xe.o(RESET)
    !!!main                                  0x08000194   Section        8  __main.o(!!!main)
    !!!scatter                               0x0800019c   Section       52  __scatter.o(!!!scatter)
    !!handler_copy                           0x080001d0   Section       26  __scatter_copy.o(!!handler_copy)
    !!handler_zi                             0x080001ec   Section       28  __scatter_zi.o(!!handler_zi)
    .ARM.Collect$$_printf_percent$$00000000  0x08000208   Section        0  _printf_percent.o(.ARM.Collect$$_printf_percent$$00000000)
    .ARM.Collect$$_printf_percent$$00000009  0x08000208   Section        6  _printf_d.o(.ARM.Collect$$_printf_percent$$00000009)
    .ARM.Collect$$_printf_percent$$00000017  0x0800020e   Section        4  _printf_percent_end.o(.ARM.Collect$$_printf_percent$$00000017)
    .ARM.Collect$$libinit$$00000000          0x08000212   Section        2  libinit.o(.ARM.Collect$$libinit$$00000000)
    .ARM.Collect$$libinit$$00000001          0x08000214   Section        4  libinit2.o(.ARM.Collect$$libinit$$00000001)
    .ARM.Collect$$libinit$$00000004          0x08000218   Section        0  libinit2.o(.ARM.Collect$$libinit$$00000004)
    .ARM.Collect$$libinit$$00000006          0x08000218   Section        0  libinit2.o(.ARM.Collect$$libinit$$00000006)
    .ARM.Collect$$libinit$$0000000C          0x08000218   Section        0  libinit2.o(.ARM.Collect$$libinit$$0000000C)
    .ARM.Collect$$libinit$$0000000E          0x08000218   Section        0  libinit2.o(.ARM.Collect$$libinit$$0000000E)
    .ARM.Collect$$libinit$$00000010          0x08000218   Section        0  libinit2.o(.ARM.Collect$$libinit$$00000010)
    .ARM.Collect$$libinit$$00000013          0x08000218   Section        0  libinit2.o(.ARM.Collect$$libinit$$00000013)
    .ARM.Collect$$libinit$$00000015          0x08000218   Section        0  libinit2.o(.ARM.Collect$$libinit$$00000015)
    .ARM.Collect$$libinit$$00000017          0x08000218   Section        0  libinit2.o(.ARM.Collect$$libinit$$00000017)
    .ARM.Collect$$libinit$$00000019          0x08000218   Section        0  libinit2.o(.ARM.Collect$$libinit$$00000019)
    .ARM.Collect$$libinit$$0000001B          0x08000218   Section        0  libinit2.o(.ARM.Collect$$libinit$$0000001B)
    .ARM.Collect$$libinit$$0000001D          0x08000218   Section        0  libinit2.o(.ARM.Collect$$libinit$$0000001D)
    .ARM.Collect$$libinit$$0000001F          0x08000218   Section        0  libinit2.o(.ARM.Collect$$libinit$$0000001F)
    .ARM.Collect$$libinit$$00000021          0x08000218   Section        0  libinit2.o(.ARM.Collect$$libinit$$00000021)
    .ARM.Collect$$libinit$$00000023          0x08000218   Section        0  libinit2.o(.ARM.Collect$$libinit$$00000023)
    .ARM.Collect$$libinit$$00000025          0x08000218   Section        0  libinit2.o(.ARM.Collect$$libinit$$00000025)
    .ARM.Collect$$libinit$$00000027          0x08000218   Section        0  libinit2.o(.ARM.Collect$$libinit$$00000027)
    .ARM.Collect$$libinit$$0000002E          0x08000218   Section        0  libinit2.o(.ARM.Collect$$libinit$$0000002E)
    .ARM.Collect$$libinit$$00000030          0x08000218   Section        0  libinit2.o(.ARM.Collect$$libinit$$00000030)
    .ARM.Collect$$libinit$$00000032          0x08000218   Section        0  libinit2.o(.ARM.Collect$$libinit$$00000032)
    .ARM.Collect$$libinit$$00000034          0x08000218   Section        0  libinit2.o(.ARM.Collect$$libinit$$00000034)
    .ARM.Collect$$libinit$$00000035          0x08000218   Section        2  libinit2.o(.ARM.Collect$$libinit$$00000035)
    .ARM.Collect$$libshutdown$$00000000      0x0800021a   Section        2  libshutdown.o(.ARM.Collect$$libshutdown$$00000000)
    .ARM.Collect$$libshutdown$$00000002      0x0800021c   Section        0  libshutdown2.o(.ARM.Collect$$libshutdown$$00000002)
    .ARM.Collect$$libshutdown$$00000004      0x0800021c   Section        0  libshutdown2.o(.ARM.Collect$$libshutdown$$00000004)
    .ARM.Collect$$libshutdown$$00000007      0x0800021c   Section        0  libshutdown2.o(.ARM.Collect$$libshutdown$$00000007)
    .ARM.Collect$$libshutdown$$0000000A      0x0800021c   Section        0  libshutdown2.o(.ARM.Collect$$libshutdown$$0000000A)
    .ARM.Collect$$libshutdown$$0000000C      0x0800021c   Section        0  libshutdown2.o(.ARM.Collect$$libshutdown$$0000000C)
    .ARM.Collect$$libshutdown$$0000000F      0x0800021c   Section        0  libshutdown2.o(.ARM.Collect$$libshutdown$$0000000F)
    .ARM.Collect$$libshutdown$$00000010      0x0800021c   Section        2  libshutdown2.o(.ARM.Collect$$libshutdown$$00000010)
    .ARM.Collect$$rtentry$$00000000          0x0800021e   Section        0  __rtentry.o(.ARM.Collect$$rtentry$$00000000)
    .ARM.Collect$$rtentry$$00000002          0x0800021e   Section        0  __rtentry2.o(.ARM.Collect$$rtentry$$00000002)
    .ARM.Collect$$rtentry$$00000004          0x0800021e   Section        6  __rtentry4.o(.ARM.Collect$$rtentry$$00000004)
    .ARM.Collect$$rtentry$$00000009          0x08000224   Section        0  __rtentry2.o(.ARM.Collect$$rtentry$$00000009)
    .ARM.Collect$$rtentry$$0000000A          0x08000224   Section        4  __rtentry2.o(.ARM.Collect$$rtentry$$0000000A)
    .ARM.Collect$$rtentry$$0000000C          0x08000228   Section        0  __rtentry2.o(.ARM.Collect$$rtentry$$0000000C)
    .ARM.Collect$$rtentry$$0000000D          0x08000228   Section        8  __rtentry2.o(.ARM.Collect$$rtentry$$0000000D)
    .ARM.Collect$$rtexit$$00000000           0x08000230   Section        2  rtexit.o(.ARM.Collect$$rtexit$$00000000)
    .ARM.Collect$$rtexit$$00000002           0x08000232   Section        0  rtexit2.o(.ARM.Collect$$rtexit$$00000002)
    .ARM.Collect$$rtexit$$00000003           0x08000232   Section        4  rtexit2.o(.ARM.Collect$$rtexit$$00000003)
    .ARM.Collect$$rtexit$$00000004           0x08000236   Section        6  rtexit2.o(.ARM.Collect$$rtexit$$00000004)
    $v0                                      0x0800023c   Number         0  startup_stm32f401xe.o(.text)
    .text                                    0x0800023c   Section       64  startup_stm32f401xe.o(.text)
    .text                                    0x0800027c   Section        0  _printf_dec.o(.text)
    .text                                    0x080002f4   Section        0  heapauxi.o(.text)
    .text                                    0x080002fa   Section        0  _printf_intcommon.o(.text)
    .text                                    0x080003ac   Section       74  sys_stackheap_outer.o(.text)
    .text                                    0x080003f6   Section        0  exit.o(.text)
    .text                                    0x08000408   Section        8  libspace.o(.text)
    .text                                    0x08000410   Section        0  sys_exit.o(.text)
    .text                                    0x0800041c   Section        2  use_no_semi.o(.text)
    .text                                    0x0800041e   Section        0  indicate_semi.o(.text)
    [Anonymous Symbol]                       0x08000420   Section        0  adc.o(.text.ADC_Config)
    [Anonymous Symbol]                       0x080004e8   Section        0  adc.o(.text.ADC_Enable)
    [Anonymous Symbol]                       0x080004fc   Section        0  adc.o(.text.ADC_IRQHandler)
    [Anonymous Symbol]                       0x08000528   Section        0  dma+uart.o(.text.DMA1_Stream5_IRQHandler)
    [Anonymous Symbol]                       0x0800059c   Section        0  timer_config.o(.text.Delay_ms)
    [Anonymous Symbol]                       0x080005c4   Section        0  exinterrupt.o(.text.EXTI15_10_IRQHandler)
    [Anonymous Symbol]                       0x08000624   Section        0  exinterrupt.o(.text.GPConf)
    [Anonymous Symbol]                       0x08000650   Section        0  gpio.o(.text.GPIOconfig)
    [Anonymous Symbol]                       0x08000690   Section        0  powermode.o(.text.GoToSleep)
    [Anonymous Symbol]                       0x080006d4   Section        0  wdg.o(.text.IWDG_init)
    [Anonymous Symbol]                       0x08000700   Section        0  exinterrupt.o(.text.InterruptConf)
    [Anonymous Symbol]                       0x08000764   Section        0  rtc.o(.text.RTC_WKUP_IRQHandler)
    [Anonymous Symbol]                       0x0800077c   Section        0  rtc.o(.text.RTCinit)
    [Anonymous Symbol]                       0x08000820   Section        0  rcc_config.o(.text.SysClockConfig)
    [Anonymous Symbol]                       0x080008b4   Section        0  system_stm32f4xx.o(.text.SystemCoreClockUpdate)
    [Anonymous Symbol]                       0x08000918   Section        0  system_stm32f4xx.o(.text.SystemInit)
    [Anonymous Symbol]                       0x0800092c   Section        0  timer_config.o(.text.TIM2config)
    [Anonymous Symbol]                       0x08000960   Section        0  ultrasonic.o(.text.TIM3_IRQHandler)
    [Anonymous Symbol]                       0x080009f0   Section        0  timerinterrupt.o(.text.TIM4_IRQHandler)
    [Anonymous Symbol]                       0x08000a30   Section        0  uart.o(.text.UART2_SendChar)
    [Anonymous Symbol]                       0x08000a44   Section        0  uart.o(.text.UART2_SendString)
    [Anonymous Symbol]                       0x08000a6c   Section        0  uart.o(.text.UartConfig)
    [Anonymous Symbol]                       0x08000ae0   Section        0  main.o(.text.main)
    $v0                                      0x08000b10   Number         0  dfixu.o(x$fpl$dfixu)
    x$fpl$dfixu                              0x08000b10   Section       90  dfixu.o(x$fpl$dfixu)
    $v0                                      0x08000b6a   Number         0  dflt_clz.o(x$fpl$dfltu)
    x$fpl$dfltu                              0x08000b6a   Section       38  dflt_clz.o(x$fpl$dfltu)
    $v0                                      0x08000b90   Number         0  dmul.o(x$fpl$dmul)
    x$fpl$dmul                               0x08000b90   Section      340  dmul.o(x$fpl$dmul)
    $v0                                      0x08000ce4   Number         0  dnaninf.o(x$fpl$dnaninf)
    x$fpl$dnaninf                            0x08000ce4   Section      156  dnaninf.o(x$fpl$dnaninf)
    $v0                                      0x08000d80   Number         0  dretinf.o(x$fpl$dretinf)
    x$fpl$dretinf                            0x08000d80   Section       12  dretinf.o(x$fpl$dretinf)
    $v0                                      0x08000d8c   Number         0  fpinit.o(x$fpl$fpinit)
    x$fpl$fpinit                             0x08000d8c   Section       26  fpinit.o(x$fpl$fpinit)
    x$fpl$usenofp                            0x08000da6   Section        0  usenofp.o(x$fpl$usenofp)
    .bss                                     0x20000008   Section       96  libspace.o(.bss)
    Heap_Mem                                 0x20000088   Data         512  startup_stm32f401xe.o(HEAP)
    HEAP                                     0x20000088   Section      512  startup_stm32f401xe.o(HEAP)
    Stack_Mem                                0x20000288   Data        1024  startup_stm32f401xe.o(STACK)
    STACK                                    0x20000288   Section     1024  startup_stm32f401xe.o(STACK)
    __initial_sp                             0x20000688   Data           0  startup_stm32f401xe.o(STACK)

    Global Symbols

    Symbol Name                              Value     Ov Type        Size  Object(Section)

    BuildAttributes$$THM_ISAv4$E$P$D$K$B$S$7EM$VFPi3$EXTD16$VFPS$VFMA$PE$A:L22UL41UL21$X:L11$S22US41US21$IEEE1$IW$~IW$USESV6$~STKCKD$USESV7$~SHL$OTIME$ROPI$EBA8$UX$STANDARDLIB$REQ8$PRES8$EABIv2 0x00000000   Number         0  anon$$obj.o ABSOLUTE
    __ARM_exceptions_init                     - Undefined Weak Reference
    __alloca_initialize                       - Undefined Weak Reference
    __arm_preinit_                            - Undefined Weak Reference
    __arm_relocate_pie_                       - Undefined Weak Reference
    __cpp_initialize__aeabi_                  - Undefined Weak Reference
    __cxa_finalize                            - Undefined Weak Reference
    __rt_locale                               - Undefined Weak Reference
    __sigvec_lookup                           - Undefined Weak Reference
    _atexit_init                              - Undefined Weak Reference
    _call_atexit_fns                          - Undefined Weak Reference
    _clock_init                               - Undefined Weak Reference
    _fp_trap_init                             - Undefined Weak Reference
    _fp_trap_shutdown                         - Undefined Weak Reference
    _get_lc_collate                           - Undefined Weak Reference
    _get_lc_ctype                             - Undefined Weak Reference
    _get_lc_monetary                          - Undefined Weak Reference
    _get_lc_numeric                           - Undefined Weak Reference
    _get_lc_time                              - Undefined Weak Reference
    _getenv_init                              - Undefined Weak Reference
    _handle_redirection                       - Undefined Weak Reference
    _init_alloc                               - Undefined Weak Reference
    _init_user_alloc                          - Undefined Weak Reference
    _initio                                   - Undefined Weak Reference
    _printf_mbtowc                            - Undefined Weak Reference
    _printf_post_padding                      - Undefined Weak Reference
    _printf_pre_padding                       - Undefined Weak Reference
    _printf_truncate_signed                   - Undefined Weak Reference
    _printf_truncate_unsigned                 - Undefined Weak Reference
    _rand_init                                - Undefined Weak Reference
    _signal_finish                            - Undefined Weak Reference
    _signal_init                              - Undefined Weak Reference
    _terminate_alloc                          - Undefined Weak Reference
    _terminate_user_alloc                     - Undefined Weak Reference
    _terminateio                              - Undefined Weak Reference
    __Vectors_Size                           0x00000194   Number         0  startup_stm32f401xe.o ABSOLUTE
    __Vectors                                0x08000000   Data           4  startup_stm32f401xe.o(RESET)
    __Vectors_End                            0x08000194   Data           0  startup_stm32f401xe.o(RESET)
    __main                                   0x08000195   Thumb Code     8  __main.o(!!!main)
    __scatterload                            0x0800019d   Thumb Code     0  __scatter.o(!!!scatter)
    __scatterload_rt2                        0x0800019d   Thumb Code    44  __scatter.o(!!!scatter)
    __scatterload_rt2_thumb_only             0x0800019d   Thumb Code     0  __scatter.o(!!!scatter)
    __scatterload_null                       0x080001ab   Thumb Code     0  __scatter.o(!!!scatter)
    __scatterload_copy                       0x080001d1   Thumb Code    26  __scatter_copy.o(!!handler_copy)
    __scatterload_zeroinit                   0x080001ed   Thumb Code    28  __scatter_zi.o(!!handler_zi)
    _printf_d                                0x08000209   Thumb Code     0  _printf_d.o(.ARM.Collect$$_printf_percent$$00000009)
    _printf_percent                          0x08000209   Thumb Code     0  _printf_percent.o(.ARM.Collect$$_printf_percent$$00000000)
    _printf_percent_end                      0x0800020f   Thumb Code     0  _printf_percent_end.o(.ARM.Collect$$_printf_percent$$00000017)
    __rt_lib_init                            0x08000213   Thumb Code     0  libinit.o(.ARM.Collect$$libinit$$00000000)
    __rt_lib_init_fp_1                       0x08000215   Thumb Code     0  libinit2.o(.ARM.Collect$$libinit$$00000001)
    __rt_lib_init_alloca_1                   0x08000219   Thumb Code     0  libinit2.o(.ARM.Collect$$libinit$$00000030)
    __rt_lib_init_argv_1                     0x08000219   Thumb Code     0  libinit2.o(.ARM.Collect$$libinit$$0000002E)
    __rt_lib_init_atexit_1                   0x08000219   Thumb Code     0  libinit2.o(.ARM.Collect$$libinit$$0000001D)
    __rt_lib_init_clock_1                    0x08000219   Thumb Code     0  libinit2.o(.ARM.Collect$$libinit$$00000023)
    __rt_lib_init_cpp_1                      0x08000219   Thumb Code     0  libinit2.o(.ARM.Collect$$libinit$$00000034)
    __rt_lib_init_exceptions_1               0x08000219   Thumb Code     0  libinit2.o(.ARM.Collect$$libinit$$00000032)
    __rt_lib_init_fp_trap_1                  0x08000219   Thumb Code     0  libinit2.o(.ARM.Collect$$libinit$$00000021)
    __rt_lib_init_getenv_1                   0x08000219   Thumb Code     0  libinit2.o(.ARM.Collect$$libinit$$00000025)
    __rt_lib_init_heap_1                     0x08000219   Thumb Code     0  libinit2.o(.ARM.Collect$$libinit$$0000000C)
    __rt_lib_init_lc_collate_1               0x08000219   Thumb Code     0  libinit2.o(.ARM.Collect$$libinit$$00000013)
    __rt_lib_init_lc_ctype_1                 0x08000219   Thumb Code     0  libinit2.o(.ARM.Collect$$libinit$$00000015)
    __rt_lib_init_lc_monetary_1              0x08000219   Thumb Code     0  libinit2.o(.ARM.Collect$$libinit$$00000017)
    __rt_lib_init_lc_numeric_1               0x08000219   Thumb Code     0  libinit2.o(.ARM.Collect$$libinit$$00000019)
    __rt_lib_init_lc_time_1                  0x08000219   Thumb Code     0  libinit2.o(.ARM.Collect$$libinit$$0000001B)
    __rt_lib_init_preinit_1                  0x08000219   Thumb Code     0  libinit2.o(.ARM.Collect$$libinit$$00000006)
    __rt_lib_init_rand_1                     0x08000219   Thumb Code     0  libinit2.o(.ARM.Collect$$libinit$$00000010)
    __rt_lib_init_relocate_pie_1             0x08000219   Thumb Code     0  libinit2.o(.ARM.Collect$$libinit$$00000004)
    __rt_lib_init_return                     0x08000219   Thumb Code     0  libinit2.o(.ARM.Collect$$libinit$$00000035)
    __rt_lib_init_signal_1                   0x08000219   Thumb Code     0  libinit2.o(.ARM.Collect$$libinit$$0000001F)
    __rt_lib_init_stdio_1                    0x08000219   Thumb Code     0  libinit2.o(.ARM.Collect$$libinit$$00000027)
    __rt_lib_init_user_alloc_1               0x08000219   Thumb Code     0  libinit2.o(.ARM.Collect$$libinit$$0000000E)
    __rt_lib_shutdown                        0x0800021b   Thumb Code     0  libshutdown.o(.ARM.Collect$$libshutdown$$00000000)
    __rt_lib_shutdown_cpp_1                  0x0800021d   Thumb Code     0  libshutdown2.o(.ARM.Collect$$libshutdown$$00000002)
    __rt_lib_shutdown_fp_trap_1              0x0800021d   Thumb Code     0  libshutdown2.o(.ARM.Collect$$libshutdown$$00000007)
    __rt_lib_shutdown_heap_1                 0x0800021d   Thumb Code     0  libshutdown2.o(.ARM.Collect$$libshutdown$$0000000F)
    __rt_lib_shutdown_return                 0x0800021d   Thumb Code     0  libshutdown2.o(.ARM.Collect$$libshutdown$$00000010)
    __rt_lib_shutdown_signal_1               0x0800021d   Thumb Code     0  libshutdown2.o(.ARM.Collect$$libshutdown$$0000000A)
    __rt_lib_shutdown_stdio_1                0x0800021d   Thumb Code     0  libshutdown2.o(.ARM.Collect$$libshutdown$$00000004)
    __rt_lib_shutdown_user_alloc_1           0x0800021d   Thumb Code     0  libshutdown2.o(.ARM.Collect$$libshutdown$$0000000C)
    __rt_entry                               0x0800021f   Thumb Code     0  __rtentry.o(.ARM.Collect$$rtentry$$00000000)
    __rt_entry_presh_1                       0x0800021f   Thumb Code     0  __rtentry2.o(.ARM.Collect$$rtentry$$00000002)
    __rt_entry_sh                            0x0800021f   Thumb Code     0  __rtentry4.o(.ARM.Collect$$rtentry$$00000004)
    __rt_entry_li                            0x08000225   Thumb Code     0  __rtentry2.o(.ARM.Collect$$rtentry$$0000000A)
    __rt_entry_postsh_1                      0x08000225   Thumb Code     0  __rtentry2.o(.ARM.Collect$$rtentry$$00000009)
    __rt_entry_main                          0x08000229   Thumb Code     0  __rtentry2.o(.ARM.Collect$$rtentry$$0000000D)
    __rt_entry_postli_1                      0x08000229   Thumb Code     0  __rtentry2.o(.ARM.Collect$$rtentry$$0000000C)
    __rt_exit                                0x08000231   Thumb Code     0  rtexit.o(.ARM.Collect$$rtexit$$00000000)
    __rt_exit_ls                             0x08000233   Thumb Code     0  rtexit2.o(.ARM.Collect$$rtexit$$00000003)
    __rt_exit_prels_1                        0x08000233   Thumb Code     0  rtexit2.o(.ARM.Collect$$rtexit$$00000002)
    __rt_exit_exit                           0x08000237   Thumb Code     0  rtexit2.o(.ARM.Collect$$rtexit$$00000004)
    Reset_Handler                            0x0800023d   Thumb Code     8  startup_stm32f401xe.o(.text)
    NMI_Handler                              0x08000245   Thumb Code     2  startup_stm32f401xe.o(.text)
    HardFault_Handler                        0x08000247   Thumb Code     2  startup_stm32f401xe.o(.text)
    MemManage_Handler                        0x08000249   Thumb Code     2  startup_stm32f401xe.o(.text)
    BusFault_Handler                         0x0800024b   Thumb Code     2  startup_stm32f401xe.o(.text)
    UsageFault_Handler                       0x0800024d   Thumb Code     2  startup_stm32f401xe.o(.text)
    SVC_Handler                              0x0800024f   Thumb Code     2  startup_stm32f401xe.o(.text)
    DebugMon_Handler                         0x08000251   Thumb Code     2  startup_stm32f401xe.o(.text)
    PendSV_Handler                           0x08000253   Thumb Code     2  startup_stm32f401xe.o(.text)
    SysTick_Handler                          0x08000255   Thumb Code     2  startup_stm32f401xe.o(.text)
    DMA1_Stream0_IRQHandler                  0x08000257   Thumb Code     0  startup_stm32f401xe.o(.text)
    DMA1_Stream1_IRQHandler                  0x08000257   Thumb Code     0  startup_stm32f401xe.o(.text)
    DMA1_Stream2_IRQHandler                  0x08000257   Thumb Code     0  startup_stm32f401xe.o(.text)
    DMA1_Stream3_IRQHandler                  0x08000257   Thumb Code     0  startup_stm32f401xe.o(.text)
    DMA1_Stream4_IRQHandler                  0x08000257   Thumb Code     0  startup_stm32f401xe.o(.text)
    DMA1_Stream6_IRQHandler                  0x08000257   Thumb Code     0  startup_stm32f401xe.o(.text)
    DMA1_Stream7_IRQHandler                  0x08000257   Thumb Code     0  startup_stm32f401xe.o(.text)
    DMA2_Stream0_IRQHandler                  0x08000257   Thumb Code     0  startup_stm32f401xe.o(.text)
    DMA2_Stream1_IRQHandler                  0x08000257   Thumb Code     0  startup_stm32f401xe.o(.text)
    DMA2_Stream2_IRQHandler                  0x08000257   Thumb Code     0  startup_stm32f401xe.o(.text)
    DMA2_Stream3_IRQHandler                  0x08000257   Thumb Code     0  startup_stm32f401xe.o(.text)
    DMA2_Stream4_IRQHandler                  0x08000257   Thumb Code     0  startup_stm32f401xe.o(.text)
    DMA2_Stream5_IRQHandler                  0x08000257   Thumb Code     0  startup_stm32f401xe.o(.text)
    DMA2_Stream6_IRQHandler                  0x08000257   Thumb Code     0  startup_stm32f401xe.o(.text)
    DMA2_Stream7_IRQHandler                  0x08000257   Thumb Code     0  startup_stm32f401xe.o(.text)
    EXTI0_IRQHandler                         0x08000257   Thumb Code     0  startup_stm32f401xe.o(.text)
    EXTI1_IRQHandler                         0x08000257   Thumb Code     0  startup_stm32f401xe.o(.text)
    EXTI2_IRQHandler                         0x08000257   Thumb Code     0  startup_stm32f401xe.o(.text)
    EXTI3_IRQHandler                         0x08000257   Thumb Code     0  startup_stm32f401xe.o(.text)
    EXTI4_IRQHandler                         0x08000257   Thumb Code     0  startup_stm32f401xe.o(.text)
    EXTI9_5_IRQHandler                       0x08000257   Thumb Code     0  startup_stm32f401xe.o(.text)
    FLASH_IRQHandler                         0x08000257   Thumb Code     0  startup_stm32f401xe.o(.text)
    FPU_IRQHandler                           0x08000257   Thumb Code     0  startup_stm32f401xe.o(.text)
    I2C1_ER_IRQHandler                       0x08000257   Thumb Code     0  startup_stm32f401xe.o(.text)
    I2C1_EV_IRQHandler                       0x08000257   Thumb Code     0  startup_stm32f401xe.o(.text)
    I2C2_ER_IRQHandler                       0x08000257   Thumb Code     0  startup_stm32f401xe.o(.text)
    I2C2_EV_IRQHandler                       0x08000257   Thumb Code     0  startup_stm32f401xe.o(.text)
    I2C3_ER_IRQHandler                       0x08000257   Thumb Code     0  startup_stm32f401xe.o(.text)
    I2C3_EV_IRQHandler                       0x08000257   Thumb Code     0  startup_stm32f401xe.o(.text)
    OTG_FS_IRQHandler                        0x08000257   Thumb Code     0  startup_stm32f401xe.o(.text)
    OTG_FS_WKUP_IRQHandler                   0x08000257   Thumb Code     0  startup_stm32f401xe.o(.text)
    PVD_IRQHandler                           0x08000257   Thumb Code     0  startup_stm32f401xe.o(.text)
    RCC_IRQHandler                           0x08000257   Thumb Code     0  startup_stm32f401xe.o(.text)
    RTC_Alarm_IRQHandler                     0x08000257   Thumb Code     0  startup_stm32f401xe.o(.text)
    SDIO_IRQHandler                          0x08000257   Thumb Code     0  startup_stm32f401xe.o(.text)
    SPI1_IRQHandler                          0x08000257   Thumb Code     0  startup_stm32f401xe.o(.text)
    SPI2_IRQHandler                          0x08000257   Thumb Code     0  startup_stm32f401xe.o(.text)
    SPI3_IRQHandler                          0x08000257   Thumb Code     0  startup_stm32f401xe.o(.text)
    SPI4_IRQHandler                          0x08000257   Thumb Code     0  startup_stm32f401xe.o(.text)
    TAMP_STAMP_IRQHandler                    0x08000257   Thumb Code     0  startup_stm32f401xe.o(.text)
    TIM1_BRK_TIM9_IRQHandler                 0x08000257   Thumb Code     0  startup_stm32f401xe.o(.text)
    TIM1_CC_IRQHandler                       0x08000257   Thumb Code     0  startup_stm32f401xe.o(.text)
    TIM1_TRG_COM_TIM11_IRQHandler            0x08000257   Thumb Code     0  startup_stm32f401xe.o(.text)
    TIM1_UP_TIM10_IRQHandler                 0x08000257   Thumb Code     0  startup_stm32f401xe.o(.text)
    TIM2_IRQHandler                          0x08000257   Thumb Code     0  startup_stm32f401xe.o(.text)
    TIM5_IRQHandler                          0x08000257   Thumb Code     0  startup_stm32f401xe.o(.text)
    USART1_IRQHandler                        0x08000257   Thumb Code     0  startup_stm32f401xe.o(.text)
    USART2_IRQHandler                        0x08000257   Thumb Code     0  startup_stm32f401xe.o(.text)
    USART6_IRQHandler                        0x08000257   Thumb Code     0  startup_stm32f401xe.o(.text)
    WWDG_IRQHandler                          0x08000257   Thumb Code     0  startup_stm32f401xe.o(.text)
    __user_initial_stackheap                 0x08000259   Thumb Code     0  startup_stm32f401xe.o(.text)
    _printf_int_dec                          0x0800027d   Thumb Code   104  _printf_dec.o(.text)
    __use_two_region_memory                  0x080002f5   Thumb Code     2  heapauxi.o(.text)
    __rt_heap_escrow$2region                 0x080002f7   Thumb Code     2  heapauxi.o(.text)
    __rt_heap_expand$2region                 0x080002f9   Thumb Code     2  heapauxi.o(.text)
    _printf_int_common                       0x080002fb   Thumb Code   178  _printf_intcommon.o(.text)
    __user_setup_stackheap                   0x080003ad   Thumb Code    74  sys_stackheap_outer.o(.text)
    exit                                     0x080003f7   Thumb Code    18  exit.o(.text)
    __user_libspace                          0x08000409   Thumb Code     8  libspace.o(.text)
    __user_perproc_libspace                  0x08000409   Thumb Code     0  libspace.o(.text)
    __user_perthread_libspace                0x08000409   Thumb Code     0  libspace.o(.text)
    _sys_exit                                0x08000411   Thumb Code     8  sys_exit.o(.text)
    __I$use$semihosting                      0x0800041d   Thumb Code     0  use_no_semi.o(.text)
    __use_no_semihosting_swi                 0x0800041d   Thumb Code     2  use_no_semi.o(.text)
    __semihosting_library_function           0x0800041f   Thumb Code     0  indicate_semi.o(.text)
    ADC_Config                               0x08000421   Thumb Code   200  adc.o(.text.ADC_Config)
    ADC_Enable                               0x080004e9   Thumb Code    18  adc.o(.text.ADC_Enable)
    ADC_IRQHandler                           0x080004fd   Thumb Code    36  adc.o(.text.ADC_IRQHandler)
    DMA1_Stream5_IRQHandler                  0x08000529   Thumb Code   114  dma+uart.o(.text.DMA1_Stream5_IRQHandler)
    Delay_ms                                 0x0800059d   Thumb Code    40  timer_config.o(.text.Delay_ms)
    EXTI15_10_IRQHandler                     0x080005c5   Thumb Code    96  exinterrupt.o(.text.EXTI15_10_IRQHandler)
    GPConf                                   0x08000625   Thumb Code    42  exinterrupt.o(.text.GPConf)
    GPIOconfig                               0x08000651   Thumb Code    64  gpio.o(.text.GPIOconfig)
    GoToSleep                                0x08000691   Thumb Code    68  powermode.o(.text.GoToSleep)
    IWDG_init                                0x080006d5   Thumb Code    42  wdg.o(.text.IWDG_init)
    InterruptConf                            0x08000701   Thumb Code    98  exinterrupt.o(.text.InterruptConf)
    RTC_WKUP_IRQHandler                      0x08000765   Thumb Code    22  rtc.o(.text.RTC_WKUP_IRQHandler)
    RTCinit                                  0x0800077d   Thumb Code   164  rtc.o(.text.RTCinit)
    SysClockConfig                           0x08000821   Thumb Code   146  rcc_config.o(.text.SysClockConfig)
    SystemCoreClockUpdate                    0x080008b5   Thumb Code    98  system_stm32f4xx.o(.text.SystemCoreClockUpdate)
    SystemInit                               0x08000919   Thumb Code    18  system_stm32f4xx.o(.text.SystemInit)
    TIM2config                               0x0800092d   Thumb Code    52  timer_config.o(.text.TIM2config)
    TIM3_IRQHandler                          0x08000961   Thumb Code   144  ultrasonic.o(.text.TIM3_IRQHandler)
    TIM4_IRQHandler                          0x080009f1   Thumb Code    64  timerinterrupt.o(.text.TIM4_IRQHandler)
    UART2_SendChar                           0x08000a31   Thumb Code    20  uart.o(.text.UART2_SendChar)
    UART2_SendString                         0x08000a45   Thumb Code    38  uart.o(.text.UART2_SendString)
    UartConfig                               0x08000a6d   Thumb Code   116  uart.o(.text.UartConfig)
    main                                     0x08000ae1   Thumb Code    46  main.o(.text.main)
    __aeabi_d2uiz                            0x08000b11   Thumb Code     0  dfixu.o(x$fpl$dfixu)
    _dfixu                                   0x08000b11   Thumb Code    90  dfixu.o(x$fpl$dfixu)
    __aeabi_ui2d                             0x08000b6b   Thumb Code     0  dflt_clz.o(x$fpl$dfltu)
    _dfltu                                   0x08000b6b   Thumb Code    38  dflt_clz.o(x$fpl$dfltu)
    __aeabi_dmul                             0x08000b91   Thumb Code     0  dmul.o(x$fpl$dmul)
    _dmul                                    0x08000b91   Thumb Code   332  dmul.o(x$fpl$dmul)
    __fpl_dnaninf                            0x08000ce5   Thumb Code   156  dnaninf.o(x$fpl$dnaninf)
    __fpl_dretinf                            0x08000d81   Thumb Code    12  dretinf.o(x$fpl$dretinf)
    _fp_init                                 0x08000d8d   Thumb Code    26  fpinit.o(x$fpl$fpinit)
    __fplib_config_fpu_vfp                   0x08000da5   Thumb Code     0  fpinit.o(x$fpl$fpinit)
    __fplib_config_pureend_doubles           0x08000da5   Thumb Code     0  fpinit.o(x$fpl$fpinit)
    AHBPrescTable                            0x08000da6   Data          16  system_stm32f4xx.o(.rodata.AHBPrescTable)
    __I$use$fp                               0x08000da6   Number         0  usenofp.o(x$fpl$usenofp)
    Region$$Table$$Base                      0x08000db8   Number         0  anon$$obj.o(Region$$Table)
    Region$$Table$$Limit                     0x08000dd8   Number         0  anon$$obj.o(Region$$Table)
    SystemCoreClock                          0x20000000   Data           4  system_stm32f4xx.o(.data.SystemCoreClock)
    __libspace_start                         0x20000008   Data          96  libspace.o(.bss)
    MainBuf                                  0x20000068   Data           6  dma+uart.o(.bss.MainBuf)
    __temporary_stack_top$libspace           0x20000068   Data           0  libspace.o(.bss)
    RxBuf                                    0x2000006e   Data           6  dma+uart.o(.bss.RxBuf)
    distance                                 0x20000074   Data           4  ultrasonic.o(.bss.distance)
    falling_time                             0x20000078   Data           4  ultrasonic.o(.bss.falling_time)
    indx                                     0x2000007c   Data           1  dma+uart.o(.bss.indx)
    rising_time                              0x20000080   Data           4  ultrasonic.o(.bss.rising_time)



==============================================================================

Memory Map of the image

  Image Entry point : 0x0800023d

  Load Region LR_1 (Base: 0x08000000, Size: 0x00000ddc, Max: 0xffffffff, ABSOLUTE)

    Execution Region ER_RO (Exec base: 0x08000000, Load base: 0x08000000, Size: 0x00000dd8, Max: 0xffffffff, ABSOLUTE)

    Exec Addr    Load Addr    Size         Type   Attr      Idx    E Section Name        Object

    0x08000000   0x08000000   0x00000194   Data   RO          328    RESET               startup_stm32f401xe.o
    0x08000194   0x08000194   0x00000008   Code   RO          387  * !!!main             c_w.l(__main.o)
    0x0800019c   0x0800019c   0x00000034   Code   RO          580    !!!scatter          c_w.l(__scatter.o)
    0x080001d0   0x080001d0   0x0000001a   Code   RO          582    !!handler_copy      c_w.l(__scatter_copy.o)
    0x080001ea   0x080001ea   0x00000002   PAD
    0x080001ec   0x080001ec   0x0000001c   Code   RO          584    !!handler_zi        c_w.l(__scatter_zi.o)
    0x08000208   0x08000208   0x00000000   Code   RO          384    .ARM.Collect$$_printf_percent$$00000000  c_w.l(_printf_percent.o)
    0x08000208   0x08000208   0x00000006   Code   RO          383    .ARM.Collect$$_printf_percent$$00000009  c_w.l(_printf_d.o)
    0x0800020e   0x0800020e   0x00000004   Code   RO          410    .ARM.Collect$$_printf_percent$$00000017  c_w.l(_printf_percent_end.o)
    0x08000212   0x08000212   0x00000002   Code   RO          442    .ARM.Collect$$libinit$$00000000  c_w.l(libinit.o)
    0x08000214   0x08000214   0x00000004   Code   RO          448    .ARM.Collect$$libinit$$00000001  c_w.l(libinit2.o)
    0x08000218   0x08000218   0x00000000   Code   RO          451    .ARM.Collect$$libinit$$00000004  c_w.l(libinit2.o)
    0x08000218   0x08000218   0x00000000   Code   RO          453    .ARM.Collect$$libinit$$00000006  c_w.l(libinit2.o)
    0x08000218   0x08000218   0x00000000   Code   RO          456    .ARM.Collect$$libinit$$0000000C  c_w.l(libinit2.o)
    0x08000218   0x08000218   0x00000000   Code   RO          458    .ARM.Collect$$libinit$$0000000E  c_w.l(libinit2.o)
    0x08000218   0x08000218   0x00000000   Code   RO          460    .ARM.Collect$$libinit$$00000010  c_w.l(libinit2.o)
    0x08000218   0x08000218   0x00000000   Code   RO          463    .ARM.Collect$$libinit$$00000013  c_w.l(libinit2.o)
    0x08000218   0x08000218   0x00000000   Code   RO          465    .ARM.Collect$$libinit$$00000015  c_w.l(libinit2.o)
    0x08000218   0x08000218   0x00000000   Code   RO          467    .ARM.Collect$$libinit$$00000017  c_w.l(libinit2.o)
    0x08000218   0x08000218   0x00000000   Code   RO          469    .ARM.Collect$$libinit$$00000019  c_w.l(libinit2.o)
    0x08000218   0x08000218   0x00000000   Code   RO          471    .ARM.Collect$$libinit$$0000001B  c_w.l(libinit2.o)
    0x08000218   0x08000218   0x00000000   Code   RO          473    .ARM.Collect$$libinit$$0000001D  c_w.l(libinit2.o)
    0x08000218   0x08000218   0x00000000   Code   RO          475    .ARM.Collect$$libinit$$0000001F  c_w.l(libinit2.o)
    0x08000218   0x08000218   0x00000000   Code   RO          477    .ARM.Collect$$libinit$$00000021  c_w.l(libinit2.o)
    0x08000218   0x08000218   0x00000000   Code   RO          479    .ARM.Collect$$libinit$$00000023  c_w.l(libinit2.o)
    0x08000218   0x08000218   0x00000000   Code   RO          481    .ARM.Collect$$libinit$$00000025  c_w.l(libinit2.o)
    0x08000218   0x08000218   0x00000000   Code   RO          483    .ARM.Collect$$libinit$$00000027  c_w.l(libinit2.o)
    0x08000218   0x08000218   0x00000000   Code   RO          487    .ARM.Collect$$libinit$$0000002E  c_w.l(libinit2.o)
    0x08000218   0x08000218   0x00000000   Code   RO          489    .ARM.Collect$$libinit$$00000030  c_w.l(libinit2.o)
    0x08000218   0x08000218   0x00000000   Code   RO          491    .ARM.Collect$$libinit$$00000032  c_w.l(libinit2.o)
    0x08000218   0x08000218   0x00000000   Code   RO          493    .ARM.Collect$$libinit$$00000034  c_w.l(libinit2.o)
    0x08000218   0x08000218   0x00000002   Code   RO          494    .ARM.Collect$$libinit$$00000035  c_w.l(libinit2.o)
    0x0800021a   0x0800021a   0x00000002   Code   RO          516    .ARM.Collect$$libshutdown$$00000000  c_w.l(libshutdown.o)
    0x0800021c   0x0800021c   0x00000000   Code   RO          531    .ARM.Collect$$libshutdown$$00000002  c_w.l(libshutdown2.o)
    0x0800021c   0x0800021c   0x00000000   Code   RO          533    .ARM.Collect$$libshutdown$$00000004  c_w.l(libshutdown2.o)
    0x0800021c   0x0800021c   0x00000000   Code   RO          536    .ARM.Collect$$libshutdown$$00000007  c_w.l(libshutdown2.o)
    0x0800021c   0x0800021c   0x00000000   Code   RO          539    .ARM.Collect$$libshutdown$$0000000A  c_w.l(libshutdown2.o)
    0x0800021c   0x0800021c   0x00000000   Code   RO          541    .ARM.Collect$$libshutdown$$0000000C  c_w.l(libshutdown2.o)
    0x0800021c   0x0800021c   0x00000000   Code   RO          544    .ARM.Collect$$libshutdown$$0000000F  c_w.l(libshutdown2.o)
    0x0800021c   0x0800021c   0x00000002   Code   RO          545    .ARM.Collect$$libshutdown$$00000010  c_w.l(libshutdown2.o)
    0x0800021e   0x0800021e   0x00000000   Code   RO          401    .ARM.Collect$$rtentry$$00000000  c_w.l(__rtentry.o)
    0x0800021e   0x0800021e   0x00000000   Code   RO          417    .ARM.Collect$$rtentry$$00000002  c_w.l(__rtentry2.o)
    0x0800021e   0x0800021e   0x00000006   Code   RO          429    .ARM.Collect$$rtentry$$00000004  c_w.l(__rtentry4.o)
    0x08000224   0x08000224   0x00000000   Code   RO          419    .ARM.Collect$$rtentry$$00000009  c_w.l(__rtentry2.o)
    0x08000224   0x08000224   0x00000004   Code   RO          420    .ARM.Collect$$rtentry$$0000000A  c_w.l(__rtentry2.o)
    0x08000228   0x08000228   0x00000000   Code   RO          422    .ARM.Collect$$rtentry$$0000000C  c_w.l(__rtentry2.o)
    0x08000228   0x08000228   0x00000008   Code   RO          423    .ARM.Collect$$rtentry$$0000000D  c_w.l(__rtentry2.o)
    0x08000230   0x08000230   0x00000002   Code   RO          446    .ARM.Collect$$rtexit$$00000000  c_w.l(rtexit.o)
    0x08000232   0x08000232   0x00000000   Code   RO          496    .ARM.Collect$$rtexit$$00000002  c_w.l(rtexit2.o)
    0x08000232   0x08000232   0x00000004   Code   RO          497    .ARM.Collect$$rtexit$$00000003  c_w.l(rtexit2.o)
    0x08000236   0x08000236   0x00000006   Code   RO          498    .ARM.Collect$$rtexit$$00000004  c_w.l(rtexit2.o)
    0x0800023c   0x0800023c   0x00000040   Code   RO          329  * .text               startup_stm32f401xe.o
    0x0800027c   0x0800027c   0x00000078   Code   RO          360    .text               c_w.l(_printf_dec.o)
    0x080002f4   0x080002f4   0x00000006   Code   RO          385    .text               c_w.l(heapauxi.o)
    0x080002fa   0x080002fa   0x000000b2   Code   RO          402    .text               c_w.l(_printf_intcommon.o)
    0x080003ac   0x080003ac   0x0000004a   Code   RO          433    .text               c_w.l(sys_stackheap_outer.o)
    0x080003f6   0x080003f6   0x00000012   Code   RO          435    .text               c_w.l(exit.o)
    0x08000408   0x08000408   0x00000008   Code   RO          443    .text               c_w.l(libspace.o)
    0x08000410   0x08000410   0x0000000c   Code   RO          506    .text               c_w.l(sys_exit.o)
    0x0800041c   0x0800041c   0x00000002   Code   RO          521    .text               c_w.l(use_no_semi.o)
    0x0800041e   0x0800041e   0x00000000   Code   RO          523    .text               c_w.l(indicate_semi.o)
    0x0800041e   0x0800041e   0x00000002   PAD
    0x08000420   0x08000420   0x000000c8   Code   RO           21    .text.ADC_Config    adc.o
    0x080004e8   0x080004e8   0x00000012   Code   RO           23    .text.ADC_Enable    adc.o
    0x080004fa   0x080004fa   0x00000002   PAD
    0x080004fc   0x080004fc   0x0000002c   Code   RO           33    .text.ADC_IRQHandler  adc.o
    0x08000528   0x08000528   0x00000072   Code   RO          262    .text.DMA1_Stream5_IRQHandler  dma+uart.o
    0x0800059a   0x0800059a   0x00000002   PAD
    0x0800059c   0x0800059c   0x00000028   Code   RO           71    .text.Delay_ms      timer_config.o
    0x080005c4   0x080005c4   0x00000060   Code   RO          227    .text.EXTI15_10_IRQHandler  exinterrupt.o
    0x08000624   0x08000624   0x0000002a   Code   RO          223    .text.GPConf        exinterrupt.o
    0x0800064e   0x0800064e   0x00000002   PAD
    0x08000650   0x08000650   0x00000040   Code   RO           59    .text.GPIOconfig    gpio.o
    0x08000690   0x08000690   0x00000044   Code   RO          277    .text.GoToSleep     powermode.o
    0x080006d4   0x080006d4   0x0000002a   Code   RO          314    .text.IWDG_init     wdg.o
    0x080006fe   0x080006fe   0x00000002   PAD
    0x08000700   0x08000700   0x00000062   Code   RO          225    .text.InterruptConf  exinterrupt.o
    0x08000762   0x08000762   0x00000002   PAD
    0x08000764   0x08000764   0x00000016   Code   RO          303    .text.RTC_WKUP_IRQHandler  rtc.o
    0x0800077a   0x0800077a   0x00000002   PAD
    0x0800077c   0x0800077c   0x000000a4   Code   RO          297    .text.RTCinit       rtc.o
    0x08000820   0x08000820   0x00000092   Code   RO           13    .text.SysClockConfig  rcc_config.o
    0x080008b2   0x080008b2   0x00000002   PAD
    0x080008b4   0x080008b4   0x00000062   Code   RO          338    .text.SystemCoreClockUpdate  system_stm32f4xx.o
    0x08000916   0x08000916   0x00000002   PAD
    0x08000918   0x08000918   0x00000012   Code   RO          336    .text.SystemInit    system_stm32f4xx.o
    0x0800092a   0x0800092a   0x00000002   PAD
    0x0800092c   0x0800092c   0x00000034   Code   RO           67    .text.TIM2config    timer_config.o
    0x08000960   0x08000960   0x00000090   Code   RO          145    .text.TIM3_IRQHandler  ultrasonic.o
    0x080009f0   0x080009f0   0x00000040   Code   RO          288    .text.TIM4_IRQHandler  timerinterrupt.o
    0x08000a30   0x08000a30   0x00000014   Code   RO           45    .text.UART2_SendChar  uart.o
    0x08000a44   0x08000a44   0x00000026   Code   RO           47    .text.UART2_SendString  uart.o
    0x08000a6a   0x08000a6a   0x00000002   PAD
    0x08000a6c   0x08000a6c   0x00000074   Code   RO           43    .text.UartConfig    uart.o
    0x08000ae0   0x08000ae0   0x0000002e   Code   RO            2    .text.main          main.o
    0x08000b0e   0x08000b0e   0x00000002   PAD
    0x08000b10   0x08000b10   0x0000005a   Code   RO          389    x$fpl$dfixu         fz_wm.l(dfixu.o)
    0x08000b6a   0x08000b6a   0x00000026   Code   RO          393    x$fpl$dfltu         fz_wm.l(dflt_clz.o)
    0x08000b90   0x08000b90   0x00000154   Code   RO          399    x$fpl$dmul          fz_wm.l(dmul.o)
    0x08000ce4   0x08000ce4   0x0000009c   Code   RO          411    x$fpl$dnaninf       fz_wm.l(dnaninf.o)
    0x08000d80   0x08000d80   0x0000000c   Code   RO          413    x$fpl$dretinf       fz_wm.l(dretinf.o)
    0x08000d8c   0x08000d8c   0x0000001a   Code   RO          504    x$fpl$fpinit        fz_wm.l(fpinit.o)
    0x08000da6   0x08000da6   0x00000000   Code   RO          415    x$fpl$usenofp       fz_wm.l(usenofp.o)
    0x08000da6   0x08000da6   0x00000010   Data   RO          341    .rodata.AHBPrescTable  system_stm32f4xx.o
    0x08000db6   0x08000db6   0x00000002   PAD
    0x08000db8   0x08000db8   0x00000020   Data   RO          579    Region$$Table       anon$$obj.o


    Execution Region ER_RW (Exec base: 0x20000000, Load base: 0x08000dd8, Size: 0x00000004, Max: 0xffffffff, ABSOLUTE)

    Exec Addr    Load Addr    Size         Type   Attr      Idx    E Section Name        Object

    0x20000000   0x08000dd8   0x00000004   Data   RW          340    .data.SystemCoreClock  system_stm32f4xx.o


    Execution Region ER_ZI (Exec base: 0x20000008, Load base: 0x08000ddc, Size: 0x00000680, Max: 0xffffffff, ABSOLUTE)

    Exec Addr    Load Addr    Size         Type   Attr      Idx    E Section Name        Object

    0x20000008        -       0x00000060   Zero   RW          444    .bss                c_w.l(libspace.o)
    0x20000068        -       0x00000006   Zero   RW          265    .bss.MainBuf        dma+uart.o
    0x2000006e        -       0x00000006   Zero   RW          266    .bss.RxBuf          dma+uart.o
    0x20000074        -       0x00000004   Zero   RW          161    .bss.distance       ultrasonic.o
    0x20000078        -       0x00000004   Zero   RW          160    .bss.falling_time   ultrasonic.o
    0x2000007c        -       0x00000001   Zero   RW          264    .bss.indx           dma+uart.o
    0x2000007d   0x08000ddc   0x00000003   PAD
    0x20000080        -       0x00000004   Zero   RW          159    .bss.rising_time    ultrasonic.o
    0x20000084   0x08000ddc   0x00000004   PAD
    0x20000088        -       0x00000200   Zero   RW          327    HEAP                startup_stm32f401xe.o
    0x20000288        -       0x00000400   Zero   RW          326    STACK               startup_stm32f401xe.o


==============================================================================

Image component sizes


      Code (inc. data)   RO Data    RW Data    ZI Data      Debug   Object Name

       262          8          0          0          0       5520   adc.o
       114          0          0          0         13       5411   dma+uart.o
       236          0          0          0          0       4893   exinterrupt.o
        64          0          0          0          0       1649   gpio.o
        46          0          0          0          0        674   main.o
        68          0          0          0          0       2418   powermode.o
       146          0          0          0          0       1822   rcc_config.o
       186          0          0          0          0       5257   rtc.o
        64         26        404          0       1536        892   startup_stm32f401xe.o
       116          0         16          4          0       2808   system_stm32f4xx.o
        92          0          0          0          0       2395   timer_config.o
        64          0          0          0          0       4885   timerinterrupt.o
       174          0          0          0          0       2493   uart.o
       144         16          0          0         12       5954   ultrasonic.o
        42          0          0          0          0       1788   wdg.o

    ----------------------------------------------------------------------
      1840         50        454          4       1568      48859   Object Totals
         0          0         32          0          0          0   (incl. Generated)
        22          0          2          0          7          0   (incl. Padding)

    ----------------------------------------------------------------------

      Code (inc. data)   RO Data    RW Data    ZI Data      Debug   Library Member Name

         8          0          0          0          0         68   __main.o
         0          0          0          0          0          0   __rtentry.o
        12          0          0          0          0          0   __rtentry2.o
         6          0          0          0          0          0   __rtentry4.o
        52          8          0          0          0          0   __scatter.o
        26          0          0          0          0          0   __scatter_copy.o
        28          0          0          0          0          0   __scatter_zi.o
         6          0          0          0          0          0   _printf_d.o
       120         16          0          0          0         92   _printf_dec.o
       178          0          0          0          0         88   _printf_intcommon.o
         0          0          0          0          0          0   _printf_percent.o
         4          0          0          0          0          0   _printf_percent_end.o
        18          0          0          0          0         80   exit.o
         6          0          0          0          0        152   heapauxi.o
         0          0          0          0          0          0   indicate_semi.o
         2          0          0          0          0          0   libinit.o
         6          0          0          0          0          0   libinit2.o
         2          0          0          0          0          0   libshutdown.o
         2          0          0          0          0          0   libshutdown2.o
         8          4          0          0         96         68   libspace.o
         2          0          0          0          0          0   rtexit.o
        10          0          0          0          0          0   rtexit2.o
        12          4          0          0          0         68   sys_exit.o
        74          0          0          0          0         80   sys_stackheap_outer.o
         2          0          0          0          0         68   use_no_semi.o
        90          4          0          0          0        140   dfixu.o
        38          0          0          0          0        116   dflt_clz.o
       340         12          0          0          0        152   dmul.o
       156          4          0          0          0        140   dnaninf.o
        12          0          0          0          0        116   dretinf.o
        26          0          0          0          0        116   fpinit.o
         0          0          0          0          0          0   usenofp.o

    ----------------------------------------------------------------------
      1250         52          0          0         96       1544   Library Totals
         4          0          0          0          0          0   (incl. Padding)

    ----------------------------------------------------------------------

      Code (inc. data)   RO Data    RW Data    ZI Data      Debug   Library Name

       584         32          0          0         96        764   c_w.l
       662         20          0          0          0        780   fz_wm.l

    ----------------------------------------------------------------------
      1250         52          0          0         96       1544   Library Totals

    ----------------------------------------------------------------------

==============================================================================


      Code (inc. data)   RO Data    RW Data    ZI Data      Debug   

      3090        102        454          4       1664      49383   Grand Totals
      3090        102        454          4       1664      49383   ELF Image Totals
      3090        102        454          4          0          0   ROM Totals

==============================================================================

    Total RO  Size (Code + RO Data)                 3544 (   3.46kB)
    Total RW  Size (RW Data + ZI Data)              1668 (   1.63kB)
    Total ROM Size (Code + RO Data + RW Data)       3548 (   3.46kB)

==============================================================================

